
================================================================================

Memory Map of the image

  Image Entry point : 0x00000000

  Load Region ROM_LOAD (Base: 0x00000000, Size: 0x000499bc, Max: 0x00800000, ABSOLUTE)

    Execution Region ROM1 (Base: 0x00000000, Size: 0x0004704c, Max: 0x00800000, ABSOLUTE)

    Base Addr    Size         Type   Attr  Idx  E Section Name        Object

    0x00000000   0x000002c8   Code   RO  1224   * StartUp             startup.o
    0x000002c8   0x00000130   Code   RO     1     .text               arm.o
    0x000003f8   0x00000760   Code   RO   109     .text               drv_l1_adc.o
    0x00000b58   0x0000055c   Code   RO   215     .text               drv_l1_cache.o
    0x000010b4   0x000015e8   Code   RO   271     .text               drv_l1_dma.o
    0x0000269c   0x000001f4   Code   RO   324     .text               drv_l1_ext_int.o
    0x00002890   0x000003d4   Code   RO   353     .text               drv_l1_gpio.o
    0x00002c64   0x00000164   Code   RO   396     .text               drv_l1_init.o
    0x00002dc8   0x00000368   Code   RO   441     .text               drv_l1_interrupt.o
    0x00003130   0x00000288   Code   RO   494     .text               drv_l1_mic.o
    0x000033b8   0x000013d0   Code   RO   542     .text               drv_l1_rtc.o
    0x00004788   0x00000634   Code   RO   619     .text               drv_l1_spi.o
    0x00004dbc   0x0000023c   Code   RO   676     .text               drv_l1_sw_timer.o
    0x00004ff8   0x00000024   Code   RO   709     .text               drv_l1_sw_timer_isr.o
    0x0000501c   0x00000158   Code   RO   723     .text               drv_l1_system.o
    0x00005174   0x00000fec   Code   RO   946     .text               drv_l1_timer.o
    0x00006160   0x000006d8   Code   RO  1036     .text               drv_l1_uart.o
    0x00006838   0x00000068   Code   RO  1131     .text               drv_l1_watchdog.o
    0x000068a0   0x000002c0   Code   RO  1168     .text               gp_stdlib.o
    0x00006b60   0x00000150   Code   RO  1204     .text               main.o
    0x00006cb0   0x000005d4   Code   RO  1231     .text               system_timer.o
    0x00007284   0x00000004   Code   RO  1264     .text               driver_l2_init.o
    0x00007288   0x000005d8   Code   RO  1331     .text               gplib_mm_gplus.o
    0x00007860   0x000005ac   Code   RO  1354     .text               gplib_calendar.o
    0x00007e0c   0x00000010   Code   RO  1395     .text               gplib_init.o
    0x00007e1c   0x000000a4   Code   RO  1407     .text               gplib_print_string.o
    0x00007ec0   0x00000b3c   Code   RO  1435     .text               nvram.o
    0x000089fc   0x0000011c   Code   RO  1500     .text               task_state_handling.o
    0x00008b18   0x00000470   Code   RO  1529     .text               task_peripheral_handling.o
    0x00008f88   0x000003b4   Code   RO  1568     .text               msg_manager.o
    0x0000933c   0x00000468   Code   RO  1610     .text               video_codec_callback.o
    0x000097a4   0x0000075c   Code   RO  1657     .text               video_encoder.o
    0x00009f00   0x000005a8   Code   RO  1720     .text               state_usb.o
    0x0000a4a8   0x000000e0   Code   RO  1786     .text               state_startup.o
    0x0000a588   0x00000018   Code   RO  1813     .text               ap_startup.o
    0x0000a5a0   0x00000964   Code   RO  1831     .text               ap_video_preview.o
    0x0000af04   0x00000808   Code   RO  1874     .text               state_video_preview.o
    0x0000b70c   0x000014bc   Code   RO  1901     .text               ap_peripheral_handling.o
    0x0000cbc8   0x00001cb4   Code   RO  1983     .text               ap_storage_service.o
    0x0000e87c   0x00000238   Code   RO  2038     .text               task_storage_service.o
    0x0000eab4   0x00000728   Code   RO  2058     .text               ap_state_handling.o
    0x0000f1dc   0x000006d0   Code   RO  2140     .text               ap_video_record.o
    0x0000f8ac   0x000009b8   Code   RO  2185     .text               state_video_record.o
    0x00010264   0x00000480   Code   RO  2307     .text               drv_l1_sensor.o
    0x000106e4   0x000004ec   Code   RO  2365     .text               ap_display.o
    0x00010bd0   0x00000af0   Code   RO  2534     .text               ap_state_config.o
    0x000116c0   0x00000f84   Code   RO  2797     .text               ap_state_resource.o
    0x00012644   0x00000030   Code   RO  2926     .text               drv_l1_dac.o
    0x00012674   0x000009b0   Code   RO  3063     .text               ap_usb.o
    0x00013024   0x00001f34   Code   RO  3270     .text               my_video_codec_callback.o
    0x00014f58   0x00000380   Code   RO  3465     .text               drv_l2_sensor.o
    0x000152d8   0x00002a18   Code   RO  3492     .text               drv_l1_cdsp.o
    0x00017cf0   0x0000058c   Code   RO  4090     .text               drv_l1_front.o
[...]
    0x00002e28   0x00000024   Dbug   RW   278     .debug_pubnames     drv_l1_dma.o
    0x00002e4c   0x0000002c   Dbug   RW   281     .debug_pubnames     drv_l1_dma.o
    0x00002e78   0x0000002c   Dbug   RW   284     .debug_pubnames     drv_l1_dma.o
    0x00002ea4   0x00000028   Dbug   RW   287     .debug_pubnames     drv_l1_dma.o
    0x00002ecc   0x00000028   Dbug   RW   290     .debug_pubnames     drv_l1_dma.o
    0x00002ef4   0x0000002c   Dbug   RW   293     .debug_pubnames     drv_l1_dma.o
    0x00002f20   0x00000024   Dbug   RW   296     .debug_pubnames     drv_l1_dma.o
    0x00002f44   0x00000030   Dbug   RW   299     .debug_pubnames     drv_l1_dma.o
    0x00002f74   0x00000034   Dbug   RW   302     .debug_pubnames     drv_l1_dma.o
    0x00002fa8   0x00000034   Dbug   RW   305     .debug_pubnames     drv_l1_dma.o
    0x00002fdc   0x0000002c   Dbug   RW   308     .debug_pubnames     drv_l1_dma.o
    0x00003008   0x00000028   Dbug   RW   311     .debug_pubnames     drv_l1_dma.o
    0x00003030   0x00000034   Dbug   RW   314     .debug_pubnames     drv_l1_dma.o
    0x00003064   0x000000b0   Dbug   RW   317     .debug_pubnames     drv_l1_dma.o
    0x00003114   0x00000258   Dbug   RW   321     .debug_pubnames     drv_l1_dma.o
    0x0000336c   0x0000002c   Dbug   RW   328     .debug_pubnames     drv_l1_ext_int.o
    0x00003398   0x00000024   Dbug   RW   331     .debug_pubnames     drv_l1_ext_int.o
    0x000033bc   0x00000028   Dbug   RW   334     .debug_pubnames     drv_l1_ext_int.o
    0x000033e4   0x00000028   Dbug   RW   337     .debug_pubnames     drv_l1_ext_int.o
    0x0000340c   0x0000002c   Dbug   RW   340     .debug_pubnames     drv_l1_ext_int.o
    0x00003438   0x00000048   Dbug   RW   343     .debug_pubnames     drv_l1_ext_int.o
    0x00003480   0x000000a0   Dbug   RW   347     .debug_pubnames     drv_l1_ext_int.o
    0x00003520   0x00000028   Dbug   RW   356     .debug_pubnames     drv_l1_gpio.o
    0x00003548   0x0000002c   Dbug   RW   359     .debug_pubnames     drv_l1_gpio.o
    0x00003574   0x00000020   Dbug   RW   362     .debug_pubnames     drv_l1_gpio.o
    0x00003594   0x00000024   Dbug   RW   365     .debug_pubnames     drv_l1_gpio.o
    0x000035b8   0x00000024   Dbug   RW   368     .debug_pubnames     drv_l1_gpio.o
    0x000035dc   0x00000024   Dbug   RW   371     .debug_pubnames     drv_l1_gpio.o
    0x00003600   0x00000030   Dbug   RW   374     .debug_pubnames     drv_l1_gpio.o
    0x00003630   0x00000024   Dbug   RW   377     .debug_pubnames     drv_l1_gpio.o
    0x00003654   0x00000028   Dbug   RW   380     .debug_pubnames     drv_l1_gpio.o
    0x0000367c   0x00000104   Dbug   RW   386     .debug_pubnames     drv_l1_gpio.o
    0x00003780   0x00000024   Dbug   RW   402     .debug_pubnames     drv_l1_init.o
    0x000037a4   0x0000015c   Dbug   RW   410     .debug_pubnames     drv_l1_init.o
    0x00003900   0x00000284   Dbug   RW   417     .debug_pubnames     drv_l1_init.o
    0x00003b84   0x000007e0   Dbug   RW   421     .debug_pubnames     drv_l1_init.o
    0x00004364   0x00000344   Dbug   RW   431     .debug_pubnames     drv_l1_init.o
    0x000046a8   0x000001a0   Dbug   RW   435     .debug_pubnames     drv_l1_init.o
    0x00004848   0x000000dc   Dbug   RW   439     .debug_pubnames     drv_l1_init.o
    0x00004924   0x0000002c   Dbug   RW   445     .debug_pubnames     drv_l1_interrupt.o
    0x00004950   0x00000030   Dbug   RW   448     .debug_pubnames     drv_l1_interrupt.o
    0x00004980   0x00000028   Dbug   RW   451     .debug_pubnames     drv_l1_interrupt.o
    0x000049a8   0x0000002c   Dbug   RW   454     .debug_pubnames     drv_l1_interrupt.o
    0x000049d4   0x00000028   Dbug   RW   457     .debug_pubnames     drv_l1_interrupt.o
    0x000049fc   0x00000028   Dbug   RW   460     .debug_pubnames     drv_l1_interrupt.o
    0x00004a24   0x00000028   Dbug   RW   463     .debug_pubnames     drv_l1_interrupt.o
    0x00004a4c   0x0000002c   Dbug   RW   466     .debug_pubnames     drv_l1_interrupt.o
    0x00004a78   0x00000028   Dbug   RW   469     .debug_pubnames     drv_l1_interrupt.o
    0x00004aa0   0x00000028   Dbug   RW   472     .debug_pubnames     drv_l1_interrupt.o
    0x00004ac8   0x00000028   Dbug   RW   475     .debug_pubnames     drv_l1_interrupt.o
    0x00004af0   0x00000028   Dbug   RW   478     .debug_pubnames     drv_l1_interrupt.o
    0x00004b18   0x00000020   Dbug   RW   481     .debug_pubnames     drv_l1_interrupt.o
    0x00004b38   0x0000002c   Dbug   RW   484     .debug_pubnames     drv_l1_interrupt.o
    0x00004b64   0x00000120   Dbug   RW   488     .debug_pubnames     drv_l1_interrupt.o
    0x00004c84   0x00000020   Dbug   RW   498     .debug_pubnames     drv_l1_mic.o
    0x00004ca4   0x00000028   Dbug   RW   501     .debug_pubnames     drv_l1_mic.o
    0x00004ccc   0x0000002c   Dbug   RW   504     .debug_pubnames     drv_l1_mic.o
    0x00004cf8   0x00000028   Dbug   RW   507     .debug_pubnames     drv_l1_mic.o
    0x00004d20   0x0000002c   Dbug   RW   510     .debug_pubnames     drv_l1_mic.o
    0x00004d4c   0x0000002c   Dbug   RW   513     .debug_pubnames     drv_l1_mic.o
    0x00004d78   0x0000002c   Dbug   RW   516     .debug_pubnames     drv_l1_mic.o
    0x00004da4   0x00000028   Dbug   RW   519     .debug_pubnames     drv_l1_mic.o
    0x00004dcc   0x0000002c   Dbug   RW   522     .debug_pubnames     drv_l1_mic.o
    0x00004df8   0x0000002c   Dbug   RW   525     .debug_pubnames     drv_l1_mic.o
    0x00004e24   0x0000002c   Dbug   RW   528     .debug_pubnames     drv_l1_mic.o
    0x00004e50   0x00000028   Dbug   RW   531     .debug_pubnames     drv_l1_mic.o
    0x00004e78   0x0000011c   Dbug   RW   537     .debug_pubnames     drv_l1_mic.o
    0x00004f94   0x0000002c   Dbug   RW   541     .debug_pubnames     drv_l1_mic.o
    0x00004fc0   0x00000024   Dbug   RW   546     .debug_pubnames     drv_l1_rtc.o
    0x00004fe4   0x00000024   Dbug   RW   549     .debug_pubnames     drv_l1_rtc.o
    0x00005008   0x0000002c   Dbug   RW   552     .debug_pubnames     drv_l1_rtc.o
    0x00005034   0x0000002c   Dbug   RW   555     .debug_pubnames     drv_l1_rtc.o
    0x00005060   0x00000020   Dbug   RW   558     .debug_pubnames     drv_l1_rtc.o
    0x00005080   0x00000024   Dbug   RW   561     .debug_pubnames     drv_l1_rtc.o
    0x000050a4   0x00000024   Dbug   RW   564     .debug_pubnames     drv_l1_rtc.o
    0x000050c8   0x00000024   Dbug   RW   567     .debug_pubnames     drv_l1_rtc.o
    0x000050ec   0x00000024   Dbug   RW   570     .debug_pubnames     drv_l1_rtc.o
    0x00005110   0x00000024   Dbug   RW   573     .debug_pubnames     drv_l1_rtc.o
    0x00005134   0x00000024   Dbug   RW   576     .debug_pubnames     drv_l1_rtc.o
    0x00005158   0x0000002c   Dbug   RW   579     .debug_pubnames     drv_l1_rtc.o
    0x00005184   0x0000002c   Dbug   RW   582     .debug_pubnames     drv_l1_rtc.o
    0x000051b0   0x00000028   Dbug   RW   585     .debug_pubnames     drv_l1_rtc.o
    0x000051d8   0x0000002c   Dbug   RW   588     .debug_pubnames     drv_l1_rtc.o
    0x00005204   0x0000002c   Dbug   RW   591     .debug_pubnames     drv_l1_rtc.o
    0x00005230   0x0000002c   Dbug   RW   594     .debug_pubnames     drv_l1_rtc.o
    0x0000525c   0x0000002c   Dbug   RW   597     .debug_pubnames     drv_l1_rtc.o
    0x00005288   0x0000002c   Dbug   RW   600     .debug_pubnames     drv_l1_rtc.o
    0x000052b4   0x00000030   Dbug   RW   603     .debug_pubnames     drv_l1_rtc.o
    0x000052e4   0x00000030   Dbug   RW   606     .debug_pubnames     drv_l1_rtc.o
    0x00005314   0x00000034   Dbug   RW   609     .debug_pubnames     drv_l1_rtc.o
    0x00005348   0x00000278   Dbug   RW   613     .debug_pubnames     drv_l1_rtc.o
    0x000055c0   0x00000024   Dbug   RW   623     .debug_pubnames     drv_l1_spi.o
    0x000055e4   0x00000024   Dbug   RW   626     .debug_pubnames     drv_l1_spi.o
    0x00005608   0x00000028   Dbug   RW   629     .debug_pubnames     drv_l1_spi.o
    0x00005630   0x0000002c   Dbug   RW   632     .debug_pubnames     drv_l1_spi.o
    0x0000565c   0x00000024   Dbug   RW   635     .debug_pubnames     drv_l1_spi.o
    0x00005680   0x00000020   Dbug   RW   638     .debug_pubnames     drv_l1_spi.o
    0x000056a0   0x00000024   Dbug   RW   641     .debug_pubnames     drv_l1_spi.o
    0x000056c4   0x00000028   Dbug   RW   644     .debug_pubnames     drv_l1_spi.o
    0x000056ec   0x00000028   Dbug   RW   647     .debug_pubnames     drv_l1_spi.o
    0x00005714   0x00000028   Dbug   RW   650     .debug_pubnames     drv_l1_spi.o
    0x0000573c   0x00000030   Dbug   RW   653     .debug_pubnames     drv_l1_spi.o
    0x0000576c   0x00000030   Dbug   RW   656     .debug_pubnames     drv_l1_spi.o
    0x0000579c   0x00000024   Dbug   RW   659     .debug_pubnames     drv_l1_spi.o
    0x000057c0   0x0000002c   Dbug   RW   662     .debug_pubnames     drv_l1_spi.o
    0x000057ec   0x00000040   Dbug   RW   665     .debug_pubnames     drv_l1_spi.o
    0x0000582c   0x00000144   Dbug   RW   669     .debug_pubnames     drv_l1_spi.o
    0x00005970   0x00000094   Dbug   RW   674     .debug_pubnames     drv_l1_spi.o
    0x00005a04   0x00000024   Dbug   RW   680     .debug_pubnames     drv_l1_sw_timer.o
    0x00005a28   0x0000002c   Dbug   RW   683     .debug_pubnames     drv_l1_sw_timer.o
    0x00005a54   0x00000030   Dbug   RW   686     .debug_pubnames     drv_l1_sw_timer.o
    0x00005a84   0x00000028   Dbug   RW   689     .debug_pubnames     drv_l1_sw_timer.o
    0x00005aac   0x00000028   Dbug   RW   692     .debug_pubnames     drv_l1_sw_timer.o
    0x00005ad4   0x00000028   Dbug   RW   695     .debug_pubnames     drv_l1_sw_timer.o
    0x00005afc   0x0000002c   Dbug   RW   698     .debug_pubnames     drv_l1_sw_timer.o
    0x00005b28   0x000000b0   Dbug   RW   702     .debug_pubnames     drv_l1_sw_timer.o
    0x00005bd8   0x00000024   Dbug   RW   713     .debug_pubnames     drv_l1_sw_timer_isr.o
    0x00005bfc   0x00000024   Dbug   RW   719     .debug_pubnames     drv_l1_sw_timer_isr.o
    0x00005c20   0x00000054   Dbug   RW   722     .debug_pubnames     drv_l1_sw_timer_isr.o
    0x00005c74   0x0000002c   Dbug   RW   750     .debug_pubnames     drv_l1_system.o
    0x00005ca0   0x00000028   Dbug   RW   753     .debug_pubnames     drv_l1_system.o
    0x00005cc8   0x00000028   Dbug   RW   756     .debug_pubnames     drv_l1_system.o
    0x00005cf0   0x00000030   Dbug   RW   759     .debug_pubnames     drv_l1_system.o
    0x00005d20   0x00000030   Dbug   RW   762     .debug_pubnames     drv_l1_system.o
    0x00005d50   0x00000030   Dbug   RW   765     .debug_pubnames     drv_l1_system.o
    0x00005d80   0x00000024   Dbug   RW   768     .debug_pubnames     drv_l1_system.o
    0x00005da4   0x00000030   Dbug   RW   771     .debug_pubnames     drv_l1_system.o
    0x00005dd4   0x0000002c   Dbug   RW   774     .debug_pubnames     drv_l1_system.o
    0x00005e00   0x00000028   Dbug   RW   777     .debug_pubnames     drv_l1_system.o
    0x00005e28   0x00000024   Dbug   RW   780     .debug_pubnames     drv_l1_system.o
    0x00005e4c   0x00000030   Dbug   RW   792     .debug_pubnames     drv_l1_system.o
    0x00005e7c   0x00000028   Dbug   RW   798     .debug_pubnames     drv_l1_system.o
    0x00005ea4   0x00000028   Dbug   RW   804     .debug_pubnames     drv_l1_system.o
    0x00005ecc   0x00000028   Dbug   RW   807     .debug_pubnames     drv_l1_system.o
    0x00005ef4   0x0000002c   Dbug   RW   810     .debug_pubnames     drv_l1_system.o
    0x00005f20   0x0000002c   Dbug   RW   813     .debug_pubnames     drv_l1_system.o
    0x00005f4c   0x0000008c   Dbug   RW   816     .debug_pubnames     drv_l1_system.o
    0x00005fd8   0x0000002c   Dbug   RW   821     .debug_pubnames     drv_l1_system.o
    0x00006004   0x00000028   Dbug   RW   826     .debug_pubnames     drv_l1_system.o
    0x0000602c   0x00000024   Dbug   RW   831     .debug_pubnames     drv_l1_system.o
    0x00006050   0x00000030   Dbug   RW   836     .debug_pubnames     drv_l1_system.o
    0x00006080   0x0000002c   Dbug   RW   840     .debug_pubnames     drv_l1_system.o
    0x000060ac   0x00000028   Dbug   RW   845     .debug_pubnames     drv_l1_system.o
    0x000060d4   0x00000024   Dbug   RW   850     .debug_pubnames     drv_l1_system.o
    0x000060f8   0x00000030   Dbug   RW   869     .debug_pubnames     drv_l1_system.o
    0x00006128   0x00000028   Dbug   RW   879     .debug_pubnames     drv_l1_system.o
    0x00006150   0x00000028   Dbug   RW   889     .debug_pubnames     drv_l1_system.o
    0x00006178   0x00000028   Dbug   RW   894     .debug_pubnames     drv_l1_system.o
    0x000061a0   0x0000002c   Dbug   RW   899     .debug_pubnames     drv_l1_system.o
    0x000061cc   0x00000098   Dbug   RW   904     .debug_pubnames     drv_l1_system.o
    0x00006264   0x0000002c   Dbug   RW   908     .debug_pubnames     drv_l1_system.o
    0x00006290   0x00001314   Dbug   RW   912     .debug_pubnames     drv_l1_system.o
    0x000075a4   0x00004560   Dbug   RW   924     .debug_pubnames     drv_l1_system.o
    0x0000bb04   0x000014c0   Dbug   RW   928     .debug_pubnames     drv_l1_system.o
    0x0000cfc4   0x0000002c   Dbug   RW   936     .debug_pubnames     drv_l1_system.o
    0x0000cff0   0x000000bc   Dbug   RW   940     .debug_pubnames     drv_l1_system.o
    0x0000d0ac   0x0000011c   Dbug   RW   944     .debug_pubnames     drv_l1_system.o
    0x0000d1c8   0x00000024   Dbug   RW   950     .debug_pubnames     drv_l1_timer.o
    0x0000d1ec   0x00000024   Dbug   RW   953     .debug_pubnames     drv_l1_timer.o
    0x0000d210   0x00000028   Dbug   RW   956     .debug_pubnames     drv_l1_timer.o
    0x0000d238   0x00000028   Dbug   RW   959     .debug_pubnames     drv_l1_timer.o
    0x0000d260   0x00000028   Dbug   RW   962     .debug_pubnames     drv_l1_timer.o
    0x0000d288   0x00000028   Dbug   RW   965     .debug_pubnames     drv_l1_timer.o
    0x0000d2b0   0x00000028   Dbug   RW   968     .debug_pubnames     drv_l1_timer.o
    0x0000d2d8   0x00000028   Dbug   RW   971     .debug_pubnames     drv_l1_timer.o
    0x0000d300   0x0000002c   Dbug   RW   974     .debug_pubnames     drv_l1_timer.o
    0x0000d32c   0x0000002c   Dbug   RW   977     .debug_pubnames     drv_l1_timer.o
    0x0000d358   0x0000002c   Dbug   RW   980     .debug_pubnames     drv_l1_timer.o
    0x0000d384   0x00000030   Dbug   RW   983     .debug_pubnames     drv_l1_timer.o
    0x0000d3b4   0x00000028   Dbug   RW   986     .debug_pubnames     drv_l1_timer.o
    0x0000d3dc   0x00000028   Dbug   RW   989     .debug_pubnames     drv_l1_timer.o
    0x0000d404   0x00000024   Dbug   RW   992     .debug_pubnames     drv_l1_timer.o
    0x0000d428   0x00000028   Dbug   RW   995     .debug_pubnames     drv_l1_timer.o
    0x0000d450   0x00000024   Dbug   RW   998     .debug_pubnames     drv_l1_timer.o
    0x0000d474   0x0000002c   Dbug   RW  1001     .debug_pubnames     drv_l1_timer.o
    0x0000d4a0   0x00000028   Dbug   RW  1004     .debug_pubnames     drv_l1_timer.o
    0x0000d4c8   0x0000002c   Dbug   RW  1007     .debug_pubnames     drv_l1_timer.o
    0x0000d4f4   0x00000030   Dbug   RW  1010     .debug_pubnames     drv_l1_timer.o
    0x0000d524   0x00000028   Dbug   RW  1013     .debug_pubnames     drv_l1_timer.o
    0x0000d54c   0x00000028   Dbug   RW  1016     .debug_pubnames     drv_l1_timer.o
    0x0000d574   0x00000028   Dbug   RW  1019     .debug_pubnames     drv_l1_timer.o
    0x0000d59c   0x00000024   Dbug   RW  1022     .debug_pubnames     drv_l1_timer.o
    0x0000d5c0   0x00000130   Dbug   RW  1025     .debug_pubnames     drv_l1_timer.o
    0x0000d6f0   0x00000320   Dbug   RW  1029     .debug_pubnames     drv_l1_timer.o
    0x0000da10   0x00000024   Dbug   RW  1040     .debug_pubnames     drv_l1_uart.o
    0x0000da34   0x00000028   Dbug   RW  1043     .debug_pubnames     drv_l1_uart.o
    0x0000da5c   0x00000028   Dbug   RW  1046     .debug_pubnames     drv_l1_uart.o
    0x0000da84   0x00000024   Dbug   RW  1049     .debug_pubnames     drv_l1_uart.o
    0x0000daa8   0x00000024   Dbug   RW  1052     .debug_pubnames     drv_l1_uart.o
    0x0000dacc   0x00000028   Dbug   RW  1055     .debug_pubnames     drv_l1_uart.o
    0x0000daf4   0x0000002c   Dbug   RW  1058     .debug_pubnames     drv_l1_uart.o
    0x0000db20   0x0000002c   Dbug   RW  1061     .debug_pubnames     drv_l1_uart.o
    0x0000db4c   0x0000002c   Dbug   RW  1064     .debug_pubnames     drv_l1_uart.o
    0x0000db78   0x00000028   Dbug   RW  1067     .debug_pubnames     drv_l1_uart.o
    0x0000dba0   0x00000028   Dbug   RW  1070     .debug_pubnames     drv_l1_uart.o
    0x0000dbc8   0x00000020   Dbug   RW  1073     .debug_pubnames     drv_l1_uart.o
    0x0000dbe8   0x00000028   Dbug   RW  1076     .debug_pubnames     drv_l1_uart.o
    0x0000dc10   0x00000028   Dbug   RW  1079     .debug_pubnames     drv_l1_uart.o
    0x0000dc38   0x00000028   Dbug   RW  1082     .debug_pubnames     drv_l1_uart.o
    0x0000dc60   0x00000028   Dbug   RW  1085     .debug_pubnames     drv_l1_uart.o
    0x0000dc88   0x00000024   Dbug   RW  1088     .debug_pubnames     drv_l1_uart.o
    0x0000dcac   0x00000028   Dbug   RW  1091     .debug_pubnames     drv_l1_uart.o
    0x0000dcd4   0x00000028   Dbug   RW  1094     .debug_pubnames     drv_l1_uart.o
    0x0000dcfc   0x00000028   Dbug   RW  1097     .debug_pubnames     drv_l1_uart.o
    0x0000dd24   0x00000024   Dbug   RW  1100     .debug_pubnames     drv_l1_uart.o
    0x0000dd48   0x00000028   Dbug   RW  1103     .debug_pubnames     drv_l1_uart.o
    0x0000dd70   0x00000030   Dbug   RW  1106     .debug_pubnames     drv_l1_uart.o
    0x0000dda0   0x0000002c   Dbug   RW  1109     .debug_pubnames     drv_l1_uart.o
    0x0000ddcc   0x00000030   Dbug   RW  1112     .debug_pubnames     drv_l1_uart.o
    0x0000ddfc   0x00000028   Dbug   RW  1115     .debug_pubnames     drv_l1_uart.o
    0x0000de24   0x00000030   Dbug   RW  1118     .debug_pubnames     drv_l1_uart.o
    0x0000de54   0x00000024   Dbug   RW  1121     .debug_pubnames     drv_l1_uart.o
    0x0000de78   0x000000c4   Dbug   RW  1124     .debug_pubnames     drv_l1_uart.o
    0x0000df3c   0x000002b8   Dbug   RW  1128     .debug_pubnames     drv_l1_uart.o
    0x0000e1f4   0x00000024   Dbug   RW  1134     .debug_pubnames     drv_l1_watchdog.o
    0x0000e218   0x00000020   Dbug   RW  1137     .debug_pubnames     drv_l1_watchdog.o
    0x0000e238   0x00000024   Dbug   RW  1140     .debug_pubnames     drv_l1_watchdog.o
    0x0000e25c   0x00000028   Dbug   RW  1143     .debug_pubnames     drv_l1_watchdog.o
    0x0000e284   0x00000058   Dbug   RW  1150     .debug_pubnames     drv_l1_watchdog.o
    0x0000e2dc   0x00000020   Dbug   RW  1171     .debug_pubnames     gp_stdlib.o
    0x0000e2fc   0x00000020   Dbug   RW  1174     .debug_pubnames     gp_stdlib.o
    0x0000e31c   0x00000020   Dbug   RW  1177     .debug_pubnames     gp_stdlib.o
    0x0000e33c   0x00000024   Dbug   RW  1180     .debug_pubnames     gp_stdlib.o
    0x0000e360   0x00000024   Dbug   RW  1183     .debug_pubnames     gp_stdlib.o
    0x0000e384   0x00000020   Dbug   RW  1186     .debug_pubnames     gp_stdlib.o
    0x0000e3a4   0x00000020   Dbug   RW  1189     .debug_pubnames     gp_stdlib.o
    0x0000e3c4   0x00000020   Dbug   RW  1192     .debug_pubnames     gp_stdlib.o
    0x0000e3e4   0x00000020   Dbug   RW  1195     .debug_pubnames     gp_stdlib.o
    0x0000e404   0x000000a8   Dbug   RW  1201     .debug_pubnames     gp_stdlib.o
    0x0000e4ac   0x00000028   Dbug   RW  1208     .debug_pubnames     main.o
    0x0000e4d4   0x0000001c   Dbug   RW  1211     .debug_pubnames     main.o
    0x0000e4f0   0x00000094   Dbug   RW  1214     .debug_pubnames     main.o
    0x0000e584   0x00000030   Dbug   RW  1218     .debug_pubnames     main.o
    0x0000e5b4   0x00000028   Dbug   RW  1235     .debug_pubnames     system_timer.o
    0x0000e5dc   0x0000002c   Dbug   RW  1238     .debug_pubnames     system_timer.o
    0x0000e608   0x00000028   Dbug   RW  1241     .debug_pubnames     system_timer.o
    0x0000e630   0x0000002c   Dbug   RW  1244     .debug_pubnames     system_timer.o
    0x0000e65c   0x0000002c   Dbug   RW  1247     .debug_pubnames     system_timer.o
    0x0000e688   0x0000002c   Dbug   RW  1250     .debug_pubnames     system_timer.o
    0x0000e6b4   0x00000154   Dbug   RW  1253     .debug_pubnames     system_timer.o
    0x0000e808   0x000000e0   Dbug   RW  1257     .debug_pubnames     system_timer.o
    0x0000e8e8   0x00000024   Dbug   RW  1262     .debug_pubnames     system_timer.o
    0x0000e90c   0x00000024   Dbug   RW  1267     .debug_pubnames     driver_l2_init.o
    0x0000e930   0x00000024   Dbug   RW  1273     .debug_pubnames     driver_l2_init.o
    0x0000e954   0x00000024   Dbug   RW  1335     .debug_pubnames     gplib_mm_gplus.o
    0x0000e978   0x00000028   Dbug   RW  1338     .debug_pubnames     gplib_mm_gplus.o
    0x0000e9a0   0x00000024   Dbug   RW  1341     .debug_pubnames     gplib_mm_gplus.o
    0x0000e9c4   0x000001d4   Dbug   RW  1344     .debug_pubnames     gplib_mm_gplus.o
    0x0000eb98   0x00000084   Dbug   RW  1348     .debug_pubnames     gplib_mm_gplus.o
    0x0000ec1c   0x0000002c   Dbug   RW  1360     .debug_pubnames     gplib_calendar.o
    0x0000ec48   0x00000024   Dbug   RW  1363     .debug_pubnames     gplib_calendar.o
    0x0000ec6c   0x00000028   Dbug   RW  1366     .debug_pubnames     gplib_calendar.o
    0x0000ec94   0x00000024   Dbug   RW  1369     .debug_pubnames     gplib_calendar.o
    0x0000ecb8   0x00000030   Dbug   RW  1372     .debug_pubnames     gplib_calendar.o
    0x0000ece8   0x00000028   Dbug   RW  1375     .debug_pubnames     gplib_calendar.o
    0x0000ed10   0x00000028   Dbug   RW  1378     .debug_pubnames     gplib_calendar.o
    0x0000ed38   0x00000034   Dbug   RW  1381     .debug_pubnames     gplib_calendar.o
    0x0000ed6c   0x00000098   Dbug   RW  1384     .debug_pubnames     gplib_calendar.o
    0x0000ee04   0x000000d4   Dbug   RW  1388     .debug_pubnames     gplib_calendar.o
    0x0000eed8   0x00000020   Dbug   RW  1393     .debug_pubnames     gplib_calendar.o
    0x0000eef8   0x00000024   Dbug   RW  1398     .debug_pubnames     gplib_init.o
    0x0000ef1c   0x00000024   Dbug   RW  1404     .debug_pubnames     gplib_init.o
    0x0000ef40   0x00000024   Dbug   RW  1411     .debug_pubnames     gplib_print_string.o
    0x0000ef64   0x00000024   Dbug   RW  1414     .debug_pubnames     gplib_print_string.o
    0x0000ef88   0x00000020   Dbug   RW  1417     .debug_pubnames     gplib_print_string.o
    0x0000efa8   0x00000034   Dbug   RW  1421     .debug_pubnames     gplib_print_string.o
    0x0000efdc   0x00000020   Dbug   RW  1429     .debug_pubnames     gplib_print_string.o
    0x0000effc   0x00000084   Dbug   RW  1433     .debug_pubnames     gplib_print_string.o
    0x0000f080   0x00000028   Dbug   RW  1439     .debug_pubnames     nvram.o
    0x0000f0a8   0x00000028   Dbug   RW  1442     .debug_pubnames     nvram.o
    0x0000f0d0   0x00000028   Dbug   RW  1445     .debug_pubnames     nvram.o
    0x0000f0f8   0x00000024   Dbug   RW  1448     .debug_pubnames     nvram.o
    0x0000f11c   0x0000002c   Dbug   RW  1451     .debug_pubnames     nvram.o
    0x0000f148   0x00000024   Dbug   RW  1454     .debug_pubnames     nvram.o
    0x0000f16c   0x00000028   Dbug   RW  1457     .debug_pubnames     nvram.o
    0x0000f194   0x00000020   Dbug   RW  1460     .debug_pubnames     nvram.o
    0x0000f1b4   0x00000030   Dbug   RW  1463     .debug_pubnames     nvram.o
    0x0000f1e4   0x00000028   Dbug   RW  1466     .debug_pubnames     nvram.o
    0x0000f20c   0x00000024   Dbug   RW  1469     .debug_pubnames     nvram.o
    0x0000f230   0x00000030   Dbug   RW  1472     .debug_pubnames     nvram.o
    0x0000f260   0x00000034   Dbug   RW  1475     .debug_pubnames     nvram.o
    0x0000f294   0x00000030   Dbug   RW  1478     .debug_pubnames     nvram.o
    0x0000f2c4   0x00000030   Dbug   RW  1481     .debug_pubnames     nvram.o
    0x0000f2f4   0x0000002c   Dbug   RW  1484     .debug_pubnames     nvram.o
    0x0000f320   0x00000030   Dbug   RW  1487     .debug_pubnames     nvram.o
    0x0000f350   0x000000c4   Dbug   RW  1490     .debug_pubnames     nvram.o
    0x0000f414   0x00000230   Dbug   RW  1494     .debug_pubnames     nvram.o
    0x0000f644   0x0000002c   Dbug   RW  1506     .debug_pubnames     task_state_handling.o
    0x0000f670   0x0000004c   Dbug   RW  1509     .debug_pubnames     task_state_handling.o
    0x0000f6bc   0x00000044   Dbug   RW  1513     .debug_pubnames     task_state_handling.o
    0x0000f700   0x000014c0   Dbug   RW  1517     .debug_pubnames     task_state_handling.o
    0x00010bc0   0x00000218   Dbug   RW  1520     .debug_pubnames     task_state_handling.o
    0x00010dd8   0x0000006c   Dbug   RW  1527     .debug_pubnames     task_state_handling.o
    0x00010e44   0x00000034   Dbug   RW  1537     .debug_pubnames     task_peripheral_handling.o
    0x00010e78   0x000001ec   Dbug   RW  1540     .debug_pubnames     task_peripheral_handling.o
    0x00011064   0x00000058   Dbug   RW  1544     .debug_pubnames     task_peripheral_handling.o
    0x000110bc   0x000014c0   Dbug   RW  1548     .debug_pubnames     task_peripheral_handling.o
    0x0001257c   0x00000038   Dbug   RW  1550     .debug_pubnames     task_peripheral_handling.o
    0x000125b4   0x00000218   Dbug   RW  1552     .debug_pubnames     task_peripheral_handling.o
    0x000127cc   0x00000024   Dbug   RW  1571     .debug_pubnames     msg_manager.o
    0x000127f0   0x00000024   Dbug   RW  1574     .debug_pubnames     msg_manager.o
    0x00012814   0x00000024   Dbug   RW  1577     .debug_pubnames     msg_manager.o
    0x00012838   0x00000020   Dbug   RW  1580     .debug_pubnames     msg_manager.o
    0x00012858   0x00000024   Dbug   RW  1583     .debug_pubnames     msg_manager.o
    0x0001287c   0x00000020   Dbug   RW  1586     .debug_pubnames     msg_manager.o
    0x0001289c   0x00000024   Dbug   RW  1589     .debug_pubnames     msg_manager.o
    0x000128c0   0x00000024   Dbug   RW  1592     .debug_pubnames     msg_manager.o
    0x000128e4   0x00000020   Dbug   RW  1595     .debug_pubnames     msg_manager.o
    0x00012904   0x00000024   Dbug   RW  1598     .debug_pubnames     msg_manager.o
    0x00012928   0x000000a8   Dbug   RW  1604     .debug_pubnames     msg_manager.o
    0x000129d0   0x00000028   Dbug   RW  1614     .debug_pubnames     video_codec_callback.o
    0x000129f8   0x00000030   Dbug   RW  1617     .debug_pubnames     video_codec_callback.o
    0x00012a28   0x00000030   Dbug   RW  1620     .debug_pubnames     video_codec_callback.o
    0x00012a58   0x00000030   Dbug   RW  1623     .debug_pubnames     video_codec_callback.o
    0x00012a88   0x00000038   Dbug   RW  1626     .debug_pubnames     video_codec_callback.o
    0x00012ac0   0x00000030   Dbug   RW  1629     .debug_pubnames     video_codec_callback.o
    0x00012af0   0x00000028   Dbug   RW  1632     .debug_pubnames     video_codec_callback.o
    0x00012b18   0x00000030   Dbug   RW  1635     .debug_pubnames     video_codec_callback.o
    0x00012b48   0x00000030   Dbug   RW  1638     .debug_pubnames     video_codec_callback.o
    0x00012b78   0x00000038   Dbug   RW  1641     .debug_pubnames     video_codec_callback.o
    0x00012bb0   0x00000038   Dbug   RW  1644     .debug_pubnames     video_codec_callback.o
    0x00012be8   0x00000090   Dbug   RW  1647     .debug_pubnames     video_codec_callback.o
    0x00012c78   0x00000198   Dbug   RW  1651     .debug_pubnames     video_codec_callback.o
    0x00012e10   0x0000002c   Dbug   RW  1660     .debug_pubnames     video_encoder.o
    0x00012e3c   0x00000030   Dbug   RW  1663     .debug_pubnames     video_encoder.o
    0x00012e6c   0x00000028   Dbug   RW  1666     .debug_pubnames     video_encoder.o
    0x00012e94   0x0000002c   Dbug   RW  1669     .debug_pubnames     video_encoder.o
    0x00012ec0   0x00000028   Dbug   RW  1672     .debug_pubnames     video_encoder.o
    0x00012ee8   0x00000038   Dbug   RW  1675     .debug_pubnames     video_encoder.o
    0x00012f20   0x0000003c   Dbug   RW  1678     .debug_pubnames     video_encoder.o
    0x00012f5c   0x0000003c   Dbug   RW  1681     .debug_pubnames     video_encoder.o
    0x00012f98   0x00000040   Dbug   RW  1684     .debug_pubnames     video_encoder.o
    0x00012fd8   0x00000034   Dbug   RW  1687     .debug_pubnames     video_encoder.o
    0x0001300c   0x00000040   Dbug   RW  1690     .debug_pubnames     video_encoder.o
    0x0001304c   0x00000030   Dbug   RW  1693     .debug_pubnames     video_encoder.o
    0x0001307c   0x00000030   Dbug   RW  1696     .debug_pubnames     video_encoder.o
    0x000130ac   0x000001f4   Dbug   RW  1702     .debug_pubnames     video_encoder.o
    0x000132a0   0x00000028   Dbug   RW  1724     .debug_pubnames     state_usb.o
    0x000132c8   0x00000020   Dbug   RW  1727     .debug_pubnames     state_usb.o
    0x000132e8   0x0000002c   Dbug   RW  1730     .debug_pubnames     state_usb.o
    0x00013314   0x00000028   Dbug   RW  1733     .debug_pubnames     state_usb.o
    0x0001333c   0x00000028   Dbug   RW  1736     .debug_pubnames     state_usb.o
    0x00013364   0x00000024   Dbug   RW  1739     .debug_pubnames     state_usb.o
    0x00013388   0x00000024   Dbug   RW  1742     .debug_pubnames     state_usb.o
    0x000133ac   0x00000024   Dbug   RW  1745     .debug_pubnames     state_usb.o
    0x000133d0   0x0000002c   Dbug   RW  1748     .debug_pubnames     state_usb.o
    0x000133fc   0x0000002c   Dbug   RW  1751     .debug_pubnames     state_usb.o
    0x00013428   0x000000f4   Dbug   RW  1754     .debug_pubnames     state_usb.o
    0x0001351c   0x00000100   Dbug   RW  1758     .debug_pubnames     state_usb.o
    0x0001361c   0x000014c0   Dbug   RW  1762     .debug_pubnames     state_usb.o
    0x00014adc   0x000000dc   Dbug   RW  1768     .debug_pubnames     state_usb.o
    0x00014bb8   0x00000228   Dbug   RW  1776     .debug_pubnames     state_usb.o
    0x00014de0   0x000001fc   Dbug   RW  1779     .debug_pubnames     state_usb.o
    0x00014fdc   0x00000218   Dbug   RW  1781     .debug_pubnames     state_usb.o
    0x000151f4   0x0000002c   Dbug   RW  1789     .debug_pubnames     state_startup.o
    0x00015220   0x0000002c   Dbug   RW  1792     .debug_pubnames     state_startup.o
    0x0001524c   0x0000002c   Dbug   RW  1795     .debug_pubnames     state_startup.o
    0x00015278   0x00000058   Dbug   RW  1801     .debug_pubnames     state_startup.o
    0x000152d0   0x00000028   Dbug   RW  1816     .debug_pubnames     ap_startup.o
    0x000152f8   0x00000028   Dbug   RW  1822     .debug_pubnames     ap_startup.o
    0x00015320   0x0000002c   Dbug   RW  1837     .debug_pubnames     ap_video_preview.o
    0x0001534c   0x00000034   Dbug   RW  1840     .debug_pubnames     ap_video_preview.o
    0x00015380   0x00000038   Dbug   RW  1843     .debug_pubnames     ap_video_preview.o
    0x000153b8   0x0000002c   Dbug   RW  1846     .debug_pubnames     ap_video_preview.o
    0x000153e4   0x00000038   Dbug   RW  1849     .debug_pubnames     ap_video_preview.o
    0x0001541c   0x00000034   Dbug   RW  1852     .debug_pubnames     ap_video_preview.o
    0x00015450   0x00000044   Dbug   RW  1855     .debug_pubnames     ap_video_preview.o
    0x00015494   0x00000098   Dbug   RW  1858     .debug_pubnames     ap_video_preview.o
    0x0001552c   0x000001c0   Dbug   RW  1862     .debug_pubnames     ap_video_preview.o
    0x000156ec   0x000014c0   Dbug   RW  1866     .debug_pubnames     ap_video_preview.o
    0x00016bac   0x00000028   Dbug   RW  1869     .debug_pubnames     ap_video_preview.o
    0x00016bd4   0x00000030   Dbug   RW  1878     .debug_pubnames     state_video_preview.o
    0x00016c04   0x00000030   Dbug   RW  1881     .debug_pubnames     state_video_preview.o
    0x00016c34   0x00000074   Dbug   RW  1884     .debug_pubnames     state_video_preview.o
    0x00016ca8   0x0000008c   Dbug   RW  1888     .debug_pubnames     state_video_preview.o
    0x00016d34   0x00000028   Dbug   RW  1892     .debug_pubnames     state_video_preview.o
    0x00016d5c   0x00000024   Dbug   RW  1912     .debug_pubnames     ap_peripheral_handling.o
    0x00016d80   0x00000034   Dbug   RW  1915     .debug_pubnames     ap_peripheral_handling.o
    0x00016db4   0x00000034   Dbug   RW  1918     .debug_pubnames     ap_peripheral_handling.o
    0x00016de8   0x00000024   Dbug   RW  1921     .debug_pubnames     ap_peripheral_handling.o
    0x00016e0c   0x00000024   Dbug   RW  1924     .debug_pubnames     ap_peripheral_handling.o
    0x00016e30   0x00000024   Dbug   RW  1927     .debug_pubnames     ap_peripheral_handling.o
    0x00016e54   0x00000024   Dbug   RW  1930     .debug_pubnames     ap_peripheral_handling.o
    0x00016e78   0x0000002c   Dbug   RW  1933     .debug_pubnames     ap_peripheral_handling.o
    0x00016ea4   0x00000028   Dbug   RW  1936     .debug_pubnames     ap_peripheral_handling.o
    0x00016ecc   0x00000040   Dbug   RW  1939     .debug_pubnames     ap_peripheral_handling.o
    0x00016f0c   0x00000034   Dbug   RW  1942     .debug_pubnames     ap_peripheral_handling.o
    0x00016f40   0x0000003c   Dbug   RW  1945     .debug_pubnames     ap_peripheral_handling.o
    0x00016f7c   0x00000034   Dbug   RW  1948     .debug_pubnames     ap_peripheral_handling.o
    0x00016fb0   0x00000034   Dbug   RW  1951     .debug_pubnames     ap_peripheral_handling.o
    0x00016fe4   0x00000030   Dbug   RW  1954     .debug_pubnames     ap_peripheral_handling.o
    0x00017014   0x00000030   Dbug   RW  1957     .debug_pubnames     ap_peripheral_handling.o
    0x00017044   0x00000034   Dbug   RW  1960     .debug_pubnames     ap_peripheral_handling.o
    0x00017078   0x00000038   Dbug   RW  1963     .debug_pubnames     ap_peripheral_handling.o
    0x000170b0   0x00000034   Dbug   RW  1966     .debug_pubnames     ap_peripheral_handling.o
    0x000170e4   0x00000038   Dbug   RW  1969     .debug_pubnames     ap_peripheral_handling.o
    0x0001711c   0x0000048c   Dbug   RW  1972     .debug_pubnames     ap_peripheral_handling.o
    0x000175a8   0x00000390   Dbug   RW  1976     .debug_pubnames     ap_peripheral_handling.o
    0x00017938   0x000014c0   Dbug   RW  1980     .debug_pubnames     ap_peripheral_handling.o
    0x00018df8   0x00000038   Dbug   RW  1982     .debug_pubnames     ap_peripheral_handling.o
    0x00018e30   0x00000030   Dbug   RW  1989     .debug_pubnames     ap_storage_service.o
    0x00018e60   0x00000038   Dbug   RW  1992     .debug_pubnames     ap_storage_service.o
    0x00018e98   0x00000038   Dbug   RW  1995     .debug_pubnames     ap_storage_service.o
    0x00018ed0   0x00000038   Dbug   RW  1998     .debug_pubnames     ap_storage_service.o
    0x00018f08   0x0000003c   Dbug   RW  2001     .debug_pubnames     ap_storage_service.o
    0x00018f44   0x0000003c   Dbug   RW  2004     .debug_pubnames     ap_storage_service.o
    0x00018f80   0x00000034   Dbug   RW  2007     .debug_pubnames     ap_storage_service.o
    0x00018fb4   0x00000038   Dbug   RW  2010     .debug_pubnames     ap_storage_service.o
    0x00018fec   0x00000024   Dbug   RW  2013     .debug_pubnames     ap_storage_service.o
    0x00019010   0x00000024   Dbug   RW  2016     .debug_pubnames     ap_storage_service.o
    0x00019034   0x00000284   Dbug   RW  2019     .debug_pubnames     ap_storage_service.o
    0x000192b8   0x00000314   Dbug   RW  2023     .debug_pubnames     ap_storage_service.o
    0x000195cc   0x000014c0   Dbug   RW  2027     .debug_pubnames     ap_storage_service.o
    0x0001aa8c   0x00000158   Dbug   RW  2036     .debug_pubnames     ap_storage_service.o
    0x0001abe4   0x000000b4   Dbug   RW  2044     .debug_pubnames     task_storage_service.o
    0x0001ac98   0x00000050   Dbug   RW  2048     .debug_pubnames     task_storage_service.o
    0x0001ace8   0x000014c0   Dbug   RW  2052     .debug_pubnames     task_storage_service.o
    0x0001c1a8   0x00000038   Dbug   RW  2065     .debug_pubnames     ap_state_handling.o
    0x0001c1e0   0x00000038   Dbug   RW  2068     .debug_pubnames     ap_state_handling.o
    0x0001c218   0x0000003c   Dbug   RW  2071     .debug_pubnames     ap_state_handling.o
    0x0001c254   0x00000038   Dbug   RW  2074     .debug_pubnames     ap_state_handling.o
    0x0001c28c   0x00000038   Dbug   RW  2077     .debug_pubnames     ap_state_handling.o
    0x0001c2c4   0x00000038   Dbug   RW  2080     .debug_pubnames     ap_state_handling.o
    0x0001c2fc   0x00000030   Dbug   RW  2083     .debug_pubnames     ap_state_handling.o
    0x0001c32c   0x00000030   Dbug   RW  2086     .debug_pubnames     ap_state_handling.o
    0x0001c35c   0x00000038   Dbug   RW  2089     .debug_pubnames     ap_state_handling.o
    0x0001c394   0x00000038   Dbug   RW  2092     .debug_pubnames     ap_state_handling.o
    0x0001c3cc   0x0000001c   Dbug   RW  2095     .debug_pubnames     ap_state_handling.o
    0x0001c3e8   0x0000003c   Dbug   RW  2098     .debug_pubnames     ap_state_handling.o
    0x0001c424   0x00000038   Dbug   RW  2101     .debug_pubnames     ap_state_handling.o
    0x0001c45c   0x00000030   Dbug   RW  2104     .debug_pubnames     ap_state_handling.o
    0x0001c48c   0x00000034   Dbug   RW  2107     .debug_pubnames     ap_state_handling.o
    0x0001c4c0   0x00000034   Dbug   RW  2110     .debug_pubnames     ap_state_handling.o
    0x0001c4f4   0x00000034   Dbug   RW  2113     .debug_pubnames     ap_state_handling.o
    0x0001c528   0x00000038   Dbug   RW  2116     .debug_pubnames     ap_state_handling.o
    0x0001c560   0x00000218   Dbug   RW  2119     .debug_pubnames     ap_state_handling.o
    0x0001c778   0x000002a8   Dbug   RW  2123     .debug_pubnames     ap_state_handling.o
    0x0001ca20   0x00000218   Dbug   RW  2127     .debug_pubnames     ap_state_handling.o
    0x0001cc38   0x0000002c   Dbug   RW  2145     .debug_pubnames     ap_video_record.o
    0x0001cc64   0x00000038   Dbug   RW  2148     .debug_pubnames     ap_video_record.o
    0x0001cc9c   0x00000038   Dbug   RW  2151     .debug_pubnames     ap_video_record.o
    0x0001ccd4   0x0000003c   Dbug   RW  2154     .debug_pubnames     ap_video_record.o
    0x0001cd10   0x0000003c   Dbug   RW  2157     .debug_pubnames     ap_video_record.o
    0x0001cd4c   0x00000030   Dbug   RW  2160     .debug_pubnames     ap_video_record.o
    0x0001cd7c   0x0000002c   Dbug   RW  2163     .debug_pubnames     ap_video_record.o
    0x0001cda8   0x00000034   Dbug   RW  2166     .debug_pubnames     ap_video_record.o
    0x0001cddc   0x0000002c   Dbug   RW  2169     .debug_pubnames     ap_video_record.o
    0x0001ce08   0x00000030   Dbug   RW  2172     .debug_pubnames     ap_video_record.o
    0x0001ce38   0x00000034   Dbug   RW  2175     .debug_pubnames     ap_video_record.o
    0x0001ce6c   0x000000f0   Dbug   RW  2178     .debug_pubnames     ap_video_record.o
    0x0001cf5c   0x000001d8   Dbug   RW  2182     .debug_pubnames     ap_video_record.o
    0x0001d134   0x00000030   Dbug   RW  2189     .debug_pubnames     state_video_record.o
    0x0001d164   0x00000030   Dbug   RW  2192     .debug_pubnames     state_video_record.o
    0x0001d194   0x00000064   Dbug   RW  2195     .debug_pubnames     state_video_record.o
    0x0001d1f8   0x00000068   Dbug   RW  2199     .debug_pubnames     state_video_record.o
    0x0001d260   0x00000024   Dbug   RW  2310     .debug_pubnames     drv_l1_sensor.o
    0x0001d284   0x00000024   Dbug   RW  2313     .debug_pubnames     drv_l1_sensor.o
    0x0001d2a8   0x00000020   Dbug   RW  2316     .debug_pubnames     drv_l1_sensor.o
    0x0001d2c8   0x00000020   Dbug   RW  2319     .debug_pubnames     drv_l1_sensor.o
    0x0001d2e8   0x00000024   Dbug   RW  2322     .debug_pubnames     drv_l1_sensor.o
    0x0001d30c   0x00000020   Dbug   RW  2325     .debug_pubnames     drv_l1_sensor.o
    0x0001d32c   0x00000020   Dbug   RW  2328     .debug_pubnames     drv_l1_sensor.o
    0x0001d34c   0x00000030   Dbug   RW  2331     .debug_pubnames     drv_l1_sensor.o
    0x0001d37c   0x00000030   Dbug   RW  2334     .debug_pubnames     drv_l1_sensor.o
    0x0001d3ac   0x00000030   Dbug   RW  2337     .debug_pubnames     drv_l1_sensor.o
    0x0001d3dc   0x00000028   Dbug   RW  2340     .debug_pubnames     drv_l1_sensor.o
    0x0001d404   0x0000002c   Dbug   RW  2343     .debug_pubnames     drv_l1_sensor.o
    0x0001d430   0x0000002c   Dbug   RW  2346     .debug_pubnames     drv_l1_sensor.o
    0x0001d45c   0x0000002c   Dbug   RW  2349     .debug_pubnames     drv_l1_sensor.o
    0x0001d488   0x00000150   Dbug   RW  2356     .debug_pubnames     drv_l1_sensor.o
    0x0001d5d8   0x0000002c   Dbug   RW  2376     .debug_pubnames     ap_display.o
    0x0001d604   0x00000030   Dbug   RW  2379     .debug_pubnames     ap_display.o
    0x0001d634   0x0000002c   Dbug   RW  2382     .debug_pubnames     ap_display.o
    0x0001d660   0x0000002c   Dbug   RW  2385     .debug_pubnames     ap_display.o
    0x0001d68c   0x0000002c   Dbug   RW  2388     .debug_pubnames     ap_display.o
    0x0001d6b8   0x00000030   Dbug   RW  2391     .debug_pubnames     ap_display.o
    0x0001d6e8   0x0000002c   Dbug   RW  2394     .debug_pubnames     ap_display.o
    0x0001d714   0x00000030   Dbug   RW  2397     .debug_pubnames     ap_display.o
    0x0001d744   0x00000038   Dbug   RW  2400     .debug_pubnames     ap_display.o
    0x0001d77c   0x0000002c   Dbug   RW  2403     .debug_pubnames     ap_display.o
    0x0001d7a8   0x00000028   Dbug   RW  2406     .debug_pubnames     ap_display.o
    0x0001d7d0   0x0000002c   Dbug   RW  2409     .debug_pubnames     ap_display.o
    0x0001d7fc   0x0000002c   Dbug   RW  2412     .debug_pubnames     ap_display.o
    0x0001d828   0x00000030   Dbug   RW  2415     .debug_pubnames     ap_display.o
    0x0001d858   0x00000034   Dbug   RW  2418     .debug_pubnames     ap_display.o
    0x0001d88c   0x0000002c   Dbug   RW  2421     .debug_pubnames     ap_display.o
    0x0001d8b8   0x00000030   Dbug   RW  2424     .debug_pubnames     ap_display.o
    0x0001d8e8   0x00000034   Dbug   RW  2427     .debug_pubnames     ap_display.o
    0x0001d91c   0x0000003c   Dbug   RW  2430     .debug_pubnames     ap_display.o
    0x0001d958   0x00000030   Dbug   RW  2433     .debug_pubnames     ap_display.o
    0x0001d988   0x00000034   Dbug   RW  2436     .debug_pubnames     ap_display.o
    0x0001d9bc   0x00000030   Dbug   RW  2439     .debug_pubnames     ap_display.o
    0x0001d9ec   0x00000038   Dbug   RW  2442     .debug_pubnames     ap_display.o
    0x0001da24   0x00000034   Dbug   RW  2445     .debug_pubnames     ap_display.o
    0x0001da58   0x00000038   Dbug   RW  2448     .debug_pubnames     ap_display.o
    0x0001da90   0x00000034   Dbug   RW  2451     .debug_pubnames     ap_display.o
    0x0001dac4   0x00000030   Dbug   RW  2454     .debug_pubnames     ap_display.o
    0x0001daf4   0x00000034   Dbug   RW  2457     .debug_pubnames     ap_display.o
    0x0001db28   0x00000038   Dbug   RW  2460     .debug_pubnames     ap_display.o
    0x0001db60   0x00000030   Dbug   RW  2463     .debug_pubnames     ap_display.o
    0x0001db90   0x00000030   Dbug   RW  2466     .debug_pubnames     ap_display.o
    0x0001dbc0   0x00000030   Dbug   RW  2469     .debug_pubnames     ap_display.o
    0x0001dbf0   0x00000030   Dbug   RW  2472     .debug_pubnames     ap_display.o
    0x0001dc20   0x00000030   Dbug   RW  2475     .debug_pubnames     ap_display.o
    0x0001dc50   0x00000034   Dbug   RW  2478     .debug_pubnames     ap_display.o
    0x0001dc84   0x00000028   Dbug   RW  2481     .debug_pubnames     ap_display.o
    0x0001dcac   0x00000034   Dbug   RW  2484     .debug_pubnames     ap_display.o
    0x0001dce0   0x0000003c   Dbug   RW  2487     .debug_pubnames     ap_display.o
    0x0001dd1c   0x00000030   Dbug   RW  2490     .debug_pubnames     ap_display.o
    0x0001dd4c   0x00000030   Dbug   RW  2493     .debug_pubnames     ap_display.o
    0x0001dd7c   0x00000034   Dbug   RW  2496     .debug_pubnames     ap_display.o
    0x0001ddb0   0x0000003c   Dbug   RW  2499     .debug_pubnames     ap_display.o
    0x0001ddec   0x0000003c   Dbug   RW  2502     .debug_pubnames     ap_display.o
    0x0001de28   0x00000040   Dbug   RW  2505     .debug_pubnames     ap_display.o
    0x0001de68   0x00000034   Dbug   RW  2508     .debug_pubnames     ap_display.o
    0x0001de9c   0x00000200   Dbug   RW  2511     .debug_pubnames     ap_display.o
    0x0001e09c   0x000005d8   Dbug   RW  2515     .debug_pubnames     ap_display.o
    0x0001e674   0x00000f1c   Dbug   RW  2519     .debug_pubnames     ap_display.o
    0x0001f590   0x00000218   Dbug   RW  2526     .debug_pubnames     ap_display.o
    0x0001f7a8   0x00000e98   Dbug   RW  2533     .debug_pubnames     task_display.o
    0x00020640   0x00000038   Dbug   RW  2538     .debug_pubnames     ap_state_config.o
    0x00020678   0x00000038   Dbug   RW  2541     .debug_pubnames     ap_state_config.o
    0x000206b0   0x00000034   Dbug   RW  2544     .debug_pubnames     ap_state_config.o
    0x000206e4   0x00000034   Dbug   RW  2547     .debug_pubnames     ap_state_config.o
    0x00020718   0x00000034   Dbug   RW  2550     .debug_pubnames     ap_state_config.o
    0x0002074c   0x00000038   Dbug   RW  2553     .debug_pubnames     ap_state_config.o
    0x00020784   0x00000038   Dbug   RW  2556     .debug_pubnames     ap_state_config.o
    0x000207bc   0x00000040   Dbug   RW  2559     .debug_pubnames     ap_state_config.o
    0x000207fc   0x00000040   Dbug   RW  2562     .debug_pubnames     ap_state_config.o
    0x0002083c   0x00000038   Dbug   RW  2565     .debug_pubnames     ap_state_config.o
    0x00020874   0x00000038   Dbug   RW  2568     .debug_pubnames     ap_state_config.o
    0x000208ac   0x00000030   Dbug   RW  2571     .debug_pubnames     ap_state_config.o
    0x000208dc   0x00000030   Dbug   RW  2574     .debug_pubnames     ap_state_config.o
    0x0002090c   0x00000030   Dbug   RW  2577     .debug_pubnames     ap_state_config.o
    0x0002093c   0x00000030   Dbug   RW  2580     .debug_pubnames     ap_state_config.o
    0x0002096c   0x00000030   Dbug   RW  2583     .debug_pubnames     ap_state_config.o
    0x0002099c   0x00000030   Dbug   RW  2586     .debug_pubnames     ap_state_config.o
    0x000209cc   0x0000003c   Dbug   RW  2589     .debug_pubnames     ap_state_config.o
    0x00020a08   0x0000003c   Dbug   RW  2592     .debug_pubnames     ap_state_config.o
    0x00020a44   0x00000040   Dbug   RW  2595     .debug_pubnames     ap_state_config.o
    0x00020a84   0x00000040   Dbug   RW  2598     .debug_pubnames     ap_state_config.o
    0x00020ac4   0x00000030   Dbug   RW  2601     .debug_pubnames     ap_state_config.o
    0x00020af4   0x0000002c   Dbug   RW  2604     .debug_pubnames     ap_state_config.o
    0x00020b20   0x00000038   Dbug   RW  2607     .debug_pubnames     ap_state_config.o
    0x00020b58   0x00000020   Dbug   RW  2610     .debug_pubnames     ap_state_config.o
    0x00020b78   0x0000002c   Dbug   RW  2613     .debug_pubnames     ap_state_config.o
    0x00020ba4   0x00000038   Dbug   RW  2616     .debug_pubnames     ap_state_config.o
    0x00020bdc   0x00000038   Dbug   RW  2619     .debug_pubnames     ap_state_config.o
    0x00020c14   0x00000038   Dbug   RW  2622     .debug_pubnames     ap_state_config.o
    0x00020c4c   0x00000038   Dbug   RW  2625     .debug_pubnames     ap_state_config.o
    0x00020c84   0x00000030   Dbug   RW  2628     .debug_pubnames     ap_state_config.o
    0x00020cb4   0x00000030   Dbug   RW  2631     .debug_pubnames     ap_state_config.o
    0x00020ce4   0x00000034   Dbug   RW  2634     .debug_pubnames     ap_state_config.o
    0x00020d18   0x00000034   Dbug   RW  2637     .debug_pubnames     ap_state_config.o
    0x00020d4c   0x00000040   Dbug   RW  2640     .debug_pubnames     ap_state_config.o
    0x00020d8c   0x00000040   Dbug   RW  2643     .debug_pubnames     ap_state_config.o
    0x00020dcc   0x00000030   Dbug   RW  2646     .debug_pubnames     ap_state_config.o
    0x00020dfc   0x00000034   Dbug   RW  2649     .debug_pubnames     ap_state_config.o
    0x00020e30   0x00000034   Dbug   RW  2652     .debug_pubnames     ap_state_config.o
    0x00020e64   0x00000038   Dbug   RW  2655     .debug_pubnames     ap_state_config.o
    0x00020e9c   0x00000038   Dbug   RW  2658     .debug_pubnames     ap_state_config.o
    0x00020ed4   0x00000030   Dbug   RW  2661     .debug_pubnames     ap_state_config.o
    0x00020f04   0x00000030   Dbug   RW  2664     .debug_pubnames     ap_state_config.o
    0x00020f34   0x00000030   Dbug   RW  2667     .debug_pubnames     ap_state_config.o
    0x00020f64   0x00000030   Dbug   RW  2670     .debug_pubnames     ap_state_config.o
    0x00020f94   0x00000038   Dbug   RW  2673     .debug_pubnames     ap_state_config.o
    0x00020fcc   0x00000038   Dbug   RW  2676     .debug_pubnames     ap_state_config.o
    0x00021004   0x00000034   Dbug   RW  2679     .debug_pubnames     ap_state_config.o
    0x00021038   0x00000034   Dbug   RW  2682     .debug_pubnames     ap_state_config.o
    0x0002106c   0x00000034   Dbug   RW  2685     .debug_pubnames     ap_state_config.o
    0x000210a0   0x00000034   Dbug   RW  2688     .debug_pubnames     ap_state_config.o
    0x000210d4   0x0000003c   Dbug   RW  2691     .debug_pubnames     ap_state_config.o
    0x00021110   0x0000003c   Dbug   RW  2694     .debug_pubnames     ap_state_config.o
    0x0002114c   0x00000034   Dbug   RW  2697     .debug_pubnames     ap_state_config.o
    0x00021180   0x00000034   Dbug   RW  2700     .debug_pubnames     ap_state_config.o
    0x000211b4   0x0000003c   Dbug   RW  2703     .debug_pubnames     ap_state_config.o
    0x000211f0   0x0000003c   Dbug   RW  2706     .debug_pubnames     ap_state_config.o
    0x0002122c   0x0000003c   Dbug   RW  2709     .debug_pubnames     ap_state_config.o
    0x00021268   0x0000003c   Dbug   RW  2712     .debug_pubnames     ap_state_config.o
    0x000212a4   0x00000034   Dbug   RW  2715     .debug_pubnames     ap_state_config.o
    0x000212d8   0x00000034   Dbug   RW  2718     .debug_pubnames     ap_state_config.o
    0x0002130c   0x00000038   Dbug   RW  2721     .debug_pubnames     ap_state_config.o
    0x00021344   0x00000038   Dbug   RW  2724     .debug_pubnames     ap_state_config.o
    0x0002137c   0x00000034   Dbug   RW  2727     .debug_pubnames     ap_state_config.o
    0x000213b0   0x00000034   Dbug   RW  2730     .debug_pubnames     ap_state_config.o
    0x000213e4   0x00000034   Dbug   RW  2733     .debug_pubnames     ap_state_config.o
    0x00021418   0x00000034   Dbug   RW  2736     .debug_pubnames     ap_state_config.o
    0x0002144c   0x00000034   Dbug   RW  2739     .debug_pubnames     ap_state_config.o
    0x00021480   0x00000034   Dbug   RW  2742     .debug_pubnames     ap_state_config.o
    0x000214b4   0x00000034   Dbug   RW  2745     .debug_pubnames     ap_state_config.o
    0x000214e8   0x00000034   Dbug   RW  2748     .debug_pubnames     ap_state_config.o
    0x0002151c   0x00000038   Dbug   RW  2751     .debug_pubnames     ap_state_config.o
    0x00021554   0x00000038   Dbug   RW  2754     .debug_pubnames     ap_state_config.o
    0x0002158c   0x00000034   Dbug   RW  2757     .debug_pubnames     ap_state_config.o
    0x000215c0   0x00000038   Dbug   RW  2760     .debug_pubnames     ap_state_config.o
    0x000215f8   0x0000002c   Dbug   RW  2763     .debug_pubnames     ap_state_config.o
    0x00021624   0x0000002c   Dbug   RW  2766     .debug_pubnames     ap_state_config.o
    0x00021650   0x00000034   Dbug   RW  2769     .debug_pubnames     ap_state_config.o
    0x00021684   0x00000034   Dbug   RW  2772     .debug_pubnames     ap_state_config.o
    0x000216b8   0x00000038   Dbug   RW  2775     .debug_pubnames     ap_state_config.o
    0x000216f0   0x00000038   Dbug   RW  2778     .debug_pubnames     ap_state_config.o
    0x00021728   0x00000034   Dbug   RW  2781     .debug_pubnames     ap_state_config.o
    0x0002175c   0x00000034   Dbug   RW  2784     .debug_pubnames     ap_state_config.o
    0x00021790   0x00000024   Dbug   RW  2787     .debug_pubnames     ap_state_config.o
    0x000217b4   0x00000054   Dbug   RW  2790     .debug_pubnames     ap_state_config.o
    0x00021808   0x00000b80   Dbug   RW  2794     .debug_pubnames     ap_state_config.o
    0x00022388   0x00000044   Dbug   RW  2816     .debug_pubnames     ap_state_resource.o
    0x000223cc   0x00000044   Dbug   RW  2819     .debug_pubnames     ap_state_resource.o
    0x00022410   0x00000024   Dbug   RW  2822     .debug_pubnames     ap_state_resource.o
    0x00022434   0x00000044   Dbug   RW  2825     .debug_pubnames     ap_state_resource.o
    0x00022478   0x00000044   Dbug   RW  2828     .debug_pubnames     ap_state_resource.o
    0x000224bc   0x00000040   Dbug   RW  2831     .debug_pubnames     ap_state_resource.o
    0x000224fc   0x00000034   Dbug   RW  2834     .debug_pubnames     ap_state_resource.o
    0x00022530   0x0000003c   Dbug   RW  2837     .debug_pubnames     ap_state_resource.o
    0x0002256c   0x0000003c   Dbug   RW  2840     .debug_pubnames     ap_state_resource.o
    0x000225a8   0x0000003c   Dbug   RW  2843     .debug_pubnames     ap_state_resource.o
    0x000225e4   0x00000228   Dbug   RW  2846     .debug_pubnames     ap_state_resource.o
    0x0002280c   0x00000278   Dbug   RW  2850     .debug_pubnames     ap_state_resource.o
    0x00022a84   0x00000f1c   Dbug   RW  2866     .debug_pubnames     video_decoder_app.o
    0x000239a0   0x00000020   Dbug   RW  2929     .debug_pubnames     drv_l1_dac.o
    0x000239c0   0x00000020   Dbug   RW  2935     .debug_pubnames     drv_l1_dac.o
    0x000239e0   0x00000024   Dbug   RW  2952     .debug_pubnames     ap_state_firmware_upgrade.o
    0x00023a04   0x00000024   Dbug   RW  2955     .debug_pubnames     ap_state_firmware_upgrade.o
    0x00023a28   0x00000020   Dbug   RW  2958     .debug_pubnames     ap_state_firmware_upgrade.o
    0x00023a48   0x00000024   Dbug   RW  2961     .debug_pubnames     ap_state_firmware_upgrade.o
    0x00023a6c   0x00000028   Dbug   RW  2964     .debug_pubnames     ap_state_firmware_upgrade.o
    0x00023a94   0x00000024   Dbug   RW  2967     .debug_pubnames     ap_state_firmware_upgrade.o
    0x00023ab8   0x0000002c   Dbug   RW  2970     .debug_pubnames     ap_state_firmware_upgrade.o
    0x00023ae4   0x00000028   Dbug   RW  2973     .debug_pubnames     ap_state_firmware_upgrade.o
    0x00023b0c   0x0000008c   Dbug   RW  2977     .debug_pubnames     ap_state_firmware_upgrade.o
    0x00023b98   0x00000090   Dbug   RW  2982     .debug_pubnames     ap_state_firmware_upgrade.o
    0x00023c28   0x00000368   Dbug   RW  2984     .debug_pubnames     ap_state_firmware_upgrade.o
    0x00023f90   0x000000f8   Dbug   RW  2988     .debug_pubnames     ap_state_firmware_upgrade.o
    0x00024088   0x0000007c   Dbug   RW  2992     .debug_pubnames     ap_state_firmware_upgrade.o
    0x00024104   0x00001304   Dbug   RW  3004     .debug_pubnames     ap_state_firmware_upgrade.o
    0x00025408   0x00000344   Dbug   RW  3010     .debug_pubnames     ap_state_firmware_upgrade.o
    0x0002574c   0x000014c0   Dbug   RW  3012     .debug_pubnames     ap_state_firmware_upgrade.o
    0x00026c0c   0x00000218   Dbug   RW  3014     .debug_pubnames     ap_state_firmware_upgrade.o
    0x00026e24   0x0000006c   Dbug   RW  3019     .debug_pubnames     ap_state_firmware_upgrade.o
    0x00026e90   0x000000dc   Dbug   RW  3023     .debug_pubnames     ap_state_firmware_upgrade.o
    0x00026f6c   0x00000118   Dbug   RW  3042     .debug_pubnames     drv_l2_usbd_descriptor_tbl.o
    0x00027084   0x00000114   Dbug   RW  3057     .debug_pubnames     drv_l2_usbd_uvc_descriptor_tbl.o
    0x00027198   0x00000024   Dbug   RW  3069     .debug_pubnames     ap_usb.o
    0x000271bc   0x00000030   Dbug   RW  3072     .debug_pubnames     ap_usb.o
    0x000271ec   0x00000030   Dbug   RW  3075     .debug_pubnames     ap_usb.o
    0x0002721c   0x00000030   Dbug   RW  3078     .debug_pubnames     ap_usb.o
    0x0002724c   0x0000002c   Dbug   RW  3081     .debug_pubnames     ap_usb.o
    0x00027278   0x0000002c   Dbug   RW  3084     .debug_pubnames     ap_usb.o
    0x000272a4   0x0000002c   Dbug   RW  3087     .debug_pubnames     ap_usb.o
    0x000272d0   0x00000030   Dbug   RW  3090     .debug_pubnames     ap_usb.o
    0x00027300   0x0000002c   Dbug   RW  3093     .debug_pubnames     ap_usb.o
    0x0002732c   0x00000030   Dbug   RW  3096     .debug_pubnames     ap_usb.o
    0x0002735c   0x00000030   Dbug   RW  3099     .debug_pubnames     ap_usb.o
    0x0002738c   0x00000028   Dbug   RW  3102     .debug_pubnames     ap_usb.o
    0x000273b4   0x00000024   Dbug   RW  3105     .debug_pubnames     ap_usb.o
    0x000273d8   0x00000020   Dbug   RW  3108     .debug_pubnames     ap_usb.o
    0x000273f8   0x00000024   Dbug   RW  3111     .debug_pubnames     ap_usb.o
    0x0002741c   0x00000024   Dbug   RW  3114     .debug_pubnames     ap_usb.o
    0x00027440   0x00000020   Dbug   RW  3117     .debug_pubnames     ap_usb.o
    0x00027460   0x00000028   Dbug   RW  3120     .debug_pubnames     ap_usb.o
    0x00027488   0x00000030   Dbug   RW  3123     .debug_pubnames     ap_usb.o
    0x000274b8   0x00000030   Dbug   RW  3126     .debug_pubnames     ap_usb.o
    0x000274e8   0x00000028   Dbug   RW  3129     .debug_pubnames     ap_usb.o
    0x00027510   0x0000034c   Dbug   RW  3132     .debug_pubnames     ap_usb.o
    0x0002785c   0x00000224   Dbug   RW  3136     .debug_pubnames     ap_usb.o
    0x00027a80   0x00000084   Dbug   RW  3141     .debug_pubnames     ap_usb.o
    0x00027b04   0x00000344   Dbug   RW  3144     .debug_pubnames     ap_usb.o
    0x00027e48   0x000014c0   Dbug   RW  3146     .debug_pubnames     ap_usb.o
    0x00029308   0x00000218   Dbug   RW  3154     .debug_pubnames     ap_usb.o
    0x00029520   0x000001fc   Dbug   RW  3156     .debug_pubnames     ap_usb.o
    0x0002971c   0x00000020   Dbug   RW  3274     .debug_pubnames     my_video_codec_callback.o
    0x0002973c   0x0000002c   Dbug   RW  3277     .debug_pubnames     my_video_codec_callback.o
    0x00029768   0x00000030   Dbug   RW  3280     .debug_pubnames     my_video_codec_callback.o
    0x00029798   0x00000034   Dbug   RW  3283     .debug_pubnames     my_video_codec_callback.o
    0x000297cc   0x00000034   Dbug   RW  3286     .debug_pubnames     my_video_codec_callback.o
    0x00029800   0x00000030   Dbug   RW  3289     .debug_pubnames     my_video_codec_callback.o
    0x00029830   0x0000002c   Dbug   RW  3292     .debug_pubnames     my_video_codec_callback.o
    0x0002985c   0x00000030   Dbug   RW  3295     .debug_pubnames     my_video_codec_callback.o
    0x0002988c   0x0000002c   Dbug   RW  3298     .debug_pubnames     my_video_codec_callback.o
    0x000298b8   0x00000030   Dbug   RW  3301     .debug_pubnames     my_video_codec_callback.o
    0x000298e8   0x00000028   Dbug   RW  3304     .debug_pubnames     my_video_codec_callback.o
    0x00029910   0x00000030   Dbug   RW  3307     .debug_pubnames     my_video_codec_callback.o
    0x00029940   0x00000034   Dbug   RW  3310     .debug_pubnames     my_video_codec_callback.o
    0x00029974   0x00000034   Dbug   RW  3313     .debug_pubnames     my_video_codec_callback.o
    0x000299a8   0x0000002c   Dbug   RW  3316     .debug_pubnames     my_video_codec_callback.o
    0x000299d4   0x000003dc   Dbug   RW  3319     .debug_pubnames     my_video_codec_callback.o
    0x00029db0   0x000002d0   Dbug   RW  3323     .debug_pubnames     my_video_codec_callback.o
    0x0002a080   0x000014c0   Dbug   RW  3327     .debug_pubnames     my_video_codec_callback.o
    0x0002b540   0x00000024   Dbug   RW  3342     .debug_pubnames     drv_l2_spifc.o
    0x0002b564   0x0000002c   Dbug   RW  3345     .debug_pubnames     drv_l2_spifc.o
    0x0002b590   0x0000002c   Dbug   RW  3348     .debug_pubnames     drv_l2_spifc.o
    0x0002b5bc   0x0000002c   Dbug   RW  3351     .debug_pubnames     drv_l2_spifc.o
    0x0002b5e8   0x00000028   Dbug   RW  3354     .debug_pubnames     drv_l2_spifc.o
    0x0002b610   0x00000024   Dbug   RW  3357     .debug_pubnames     drv_l2_spifc.o
    0x0002b634   0x00000024   Dbug   RW  3360     .debug_pubnames     drv_l2_spifc.o
    0x0002b658   0x00000024   Dbug   RW  3363     .debug_pubnames     drv_l2_spifc.o
    0x0002b67c   0x00000024   Dbug   RW  3366     .debug_pubnames     drv_l2_spifc.o
    0x0002b6a0   0x0000002c   Dbug   RW  3369     .debug_pubnames     drv_l2_spifc.o
    0x0002b6cc   0x00000024   Dbug   RW  3372     .debug_pubnames     drv_l2_spifc.o
    0x0002b6f0   0x00000028   Dbug   RW  3375     .debug_pubnames     drv_l2_spifc.o
    0x0002b718   0x00000100   Dbug   RW  3379     .debug_pubnames     drv_l2_spifc.o
    0x0002b818   0x00000024   Dbug   RW  3389     .debug_pubnames     drv_l1_spifc.o
    0x0002b83c   0x00000028   Dbug   RW  3392     .debug_pubnames     drv_l1_spifc.o
    0x0002b864   0x00000030   Dbug   RW  3395     .debug_pubnames     drv_l1_spifc.o
    0x0002b894   0x00000030   Dbug   RW  3398     .debug_pubnames     drv_l1_spifc.o
    0x0002b8c4   0x00000030   Dbug   RW  3401     .debug_pubnames     drv_l1_spifc.o
    0x0002b8f4   0x0000002c   Dbug   RW  3404     .debug_pubnames     drv_l1_spifc.o
    0x0002b920   0x00000030   Dbug   RW  3407     .debug_pubnames     drv_l1_spifc.o
    0x0002b950   0x0000002c   Dbug   RW  3410     .debug_pubnames     drv_l1_spifc.o
    0x0002b97c   0x00000024   Dbug   RW  3413     .debug_pubnames     drv_l1_spifc.o
    0x0002b9a0   0x00000028   Dbug   RW  3416     .debug_pubnames     drv_l1_spifc.o
    0x0002b9c8   0x00000020   Dbug   RW  3419     .debug_pubnames     drv_l1_spifc.o
    0x0002b9e8   0x000000fc   Dbug   RW  3423     .debug_pubnames     drv_l1_spifc.o
    0x0002bae4   0x00000024   Dbug   RW  3429     .debug_pubnames     spi_flash_mxic.o
    0x0002bb08   0x00000020   Dbug   RW  3432     .debug_pubnames     spi_flash_mxic.o
    0x0002bb28   0x00000028   Dbug   RW  3435     .debug_pubnames     spi_flash_mxic.o
    0x0002bb50   0x00000028   Dbug   RW  3438     .debug_pubnames     spi_flash_mxic.o
    0x0002bb78   0x0000002c   Dbug   RW  3441     .debug_pubnames     spi_flash_mxic.o
    0x0002bba4   0x00000024   Dbug   RW  3444     .debug_pubnames     spi_flash_mxic.o
    0x0002bbc8   0x00000024   Dbug   RW  3447     .debug_pubnames     spi_flash_mxic.o
    0x0002bbec   0x0000002c   Dbug   RW  3450     .debug_pubnames     spi_flash_mxic.o
    0x0002bc18   0x00000098   Dbug   RW  3456     .debug_pubnames     spi_flash_mxic.o
    0x0002bcb0   0x00000024   Dbug   RW  3470     .debug_pubnames     drv_l2_sensor.o
    0x0002bcd4   0x00000028   Dbug   RW  3473     .debug_pubnames     drv_l2_sensor.o
    0x0002bcfc   0x00000028   Dbug   RW  3476     .debug_pubnames     drv_l2_sensor.o
    0x0002bd24   0x00000028   Dbug   RW  3479     .debug_pubnames     drv_l2_sensor.o
    0x0002bd4c   0x00000024   Dbug   RW  3482     .debug_pubnames     drv_l2_sensor.o
    0x0002bd70   0x000000ac   Dbug   RW  3485     .debug_pubnames     drv_l2_sensor.o
    0x0002be1c   0x000000c8   Dbug   RW  3489     .debug_pubnames     drv_l2_sensor.o
    0x0002bee4   0x0000002c   Dbug   RW  3496     .debug_pubnames     drv_l1_cdsp.o
    0x0002bf10   0x00000028   Dbug   RW  3499     .debug_pubnames     drv_l1_cdsp.o
    0x0002bf38   0x00000028   Dbug   RW  3502     .debug_pubnames     drv_l1_cdsp.o
    0x0002bf60   0x00000028   Dbug   RW  3505     .debug_pubnames     drv_l1_cdsp.o
    0x0002bf88   0x00000024   Dbug   RW  3508     .debug_pubnames     drv_l1_cdsp.o
    0x0002bfac   0x00000034   Dbug   RW  3511     .debug_pubnames     drv_l1_cdsp.o
    0x0002bfe0   0x00000034   Dbug   RW  3514     .debug_pubnames     drv_l1_cdsp.o
    0x0002c014   0x0000002c   Dbug   RW  3517     .debug_pubnames     drv_l1_cdsp.o
    0x0002c040   0x0000002c   Dbug   RW  3520     .debug_pubnames     drv_l1_cdsp.o
    0x0002c06c   0x0000002c   Dbug   RW  3523     .debug_pubnames     drv_l1_cdsp.o
    0x0002c098   0x00000034   Dbug   RW  3526     .debug_pubnames     drv_l1_cdsp.o
    0x0002c0cc   0x00000024   Dbug   RW  3529     .debug_pubnames     drv_l1_cdsp.o
    0x0002c0f0   0x00000030   Dbug   RW  3532     .debug_pubnames     drv_l1_cdsp.o
    0x0002c120   0x0000002c   Dbug   RW  3535     .debug_pubnames     drv_l1_cdsp.o
    0x0002c14c   0x00000028   Dbug   RW  3538     .debug_pubnames     drv_l1_cdsp.o
    0x0002c174   0x0000002c   Dbug   RW  3541     .debug_pubnames     drv_l1_cdsp.o
    0x0002c1a0   0x00000028   Dbug   RW  3544     .debug_pubnames     drv_l1_cdsp.o
    0x0002c1c8   0x0000002c   Dbug   RW  3547     .debug_pubnames     drv_l1_cdsp.o
    0x0002c1f4   0x00000030   Dbug   RW  3550     .debug_pubnames     drv_l1_cdsp.o
    0x0002c224   0x0000002c   Dbug   RW  3553     .debug_pubnames     drv_l1_cdsp.o
    0x0002c250   0x00000028   Dbug   RW  3556     .debug_pubnames     drv_l1_cdsp.o
    0x0002c278   0x00000030   Dbug   RW  3559     .debug_pubnames     drv_l1_cdsp.o
    0x0002c2a8   0x00000028   Dbug   RW  3562     .debug_pubnames     drv_l1_cdsp.o
    0x0002c2d0   0x00000028   Dbug   RW  3565     .debug_pubnames     drv_l1_cdsp.o
    0x0002c2f8   0x0000002c   Dbug   RW  3568     .debug_pubnames     drv_l1_cdsp.o
    0x0002c324   0x0000002c   Dbug   RW  3571     .debug_pubnames     drv_l1_cdsp.o
    0x0002c350   0x0000002c   Dbug   RW  3574     .debug_pubnames     drv_l1_cdsp.o
    0x0002c37c   0x0000002c   Dbug   RW  3577     .debug_pubnames     drv_l1_cdsp.o
    0x0002c3a8   0x0000002c   Dbug   RW  3580     .debug_pubnames     drv_l1_cdsp.o
    0x0002c3d4   0x0000002c   Dbug   RW  3583     .debug_pubnames     drv_l1_cdsp.o
    0x0002c400   0x00000028   Dbug   RW  3586     .debug_pubnames     drv_l1_cdsp.o
    0x0002c428   0x0000002c   Dbug   RW  3589     .debug_pubnames     drv_l1_cdsp.o
    0x0002c454   0x00000028   Dbug   RW  3592     .debug_pubnames     drv_l1_cdsp.o
    0x0002c47c   0x00000028   Dbug   RW  3595     .debug_pubnames     drv_l1_cdsp.o
    0x0002c4a4   0x0000002c   Dbug   RW  3598     .debug_pubnames     drv_l1_cdsp.o
    0x0002c4d0   0x00000030   Dbug   RW  3601     .debug_pubnames     drv_l1_cdsp.o
    0x0002c500   0x00000030   Dbug   RW  3604     .debug_pubnames     drv_l1_cdsp.o
    0x0002c530   0x00000028   Dbug   RW  3607     .debug_pubnames     drv_l1_cdsp.o
    0x0002c558   0x0000002c   Dbug   RW  3610     .debug_pubnames     drv_l1_cdsp.o
    0x0002c584   0x00000028   Dbug   RW  3613     .debug_pubnames     drv_l1_cdsp.o
    0x0002c5ac   0x00000028   Dbug   RW  3616     .debug_pubnames     drv_l1_cdsp.o
    0x0002c5d4   0x0000002c   Dbug   RW  3619     .debug_pubnames     drv_l1_cdsp.o
    0x0002c600   0x0000002c   Dbug   RW  3622     .debug_pubnames     drv_l1_cdsp.o
    0x0002c62c   0x00000028   Dbug   RW  3625     .debug_pubnames     drv_l1_cdsp.o
    0x0002c654   0x00000028   Dbug   RW  3628     .debug_pubnames     drv_l1_cdsp.o
    0x0002c67c   0x0000002c   Dbug   RW  3631     .debug_pubnames     drv_l1_cdsp.o
    0x0002c6a8   0x0000002c   Dbug   RW  3634     .debug_pubnames     drv_l1_cdsp.o
    0x0002c6d4   0x00000024   Dbug   RW  3637     .debug_pubnames     drv_l1_cdsp.o
    0x0002c6f8   0x0000002c   Dbug   RW  3640     .debug_pubnames     drv_l1_cdsp.o
    0x0002c724   0x0000002c   Dbug   RW  3643     .debug_pubnames     drv_l1_cdsp.o
    0x0002c750   0x00000028   Dbug   RW  3646     .debug_pubnames     drv_l1_cdsp.o
    0x0002c778   0x00000028   Dbug   RW  3649     .debug_pubnames     drv_l1_cdsp.o
    0x0002c7a0   0x00000020   Dbug   RW  3652     .debug_pubnames     drv_l1_cdsp.o
    0x0002c7c0   0x00000020   Dbug   RW  3655     .debug_pubnames     drv_l1_cdsp.o
    0x0002c7e0   0x00000020   Dbug   RW  3658     .debug_pubnames     drv_l1_cdsp.o
    0x0002c800   0x00000020   Dbug   RW  3661     .debug_pubnames     drv_l1_cdsp.o
    0x0002c820   0x00000034   Dbug   RW  3664     .debug_pubnames     drv_l1_cdsp.o
    0x0002c854   0x00000024   Dbug   RW  3667     .debug_pubnames     drv_l1_cdsp.o
    0x0002c878   0x00000024   Dbug   RW  3670     .debug_pubnames     drv_l1_cdsp.o
    0x0002c89c   0x00000024   Dbug   RW  3673     .debug_pubnames     drv_l1_cdsp.o
    0x0002c8c0   0x00000030   Dbug   RW  3676     .debug_pubnames     drv_l1_cdsp.o
    0x0002c8f0   0x0000002c   Dbug   RW  3679     .debug_pubnames     drv_l1_cdsp.o
    0x0002c91c   0x0000002c   Dbug   RW  3682     .debug_pubnames     drv_l1_cdsp.o
    0x0002c948   0x0000002c   Dbug   RW  3685     .debug_pubnames     drv_l1_cdsp.o
    0x0002c974   0x0000002c   Dbug   RW  3688     .debug_pubnames     drv_l1_cdsp.o
    0x0002c9a0   0x00000028   Dbug   RW  3691     .debug_pubnames     drv_l1_cdsp.o
    0x0002c9c8   0x00000028   Dbug   RW  3694     .debug_pubnames     drv_l1_cdsp.o
    0x0002c9f0   0x0000002c   Dbug   RW  3697     .debug_pubnames     drv_l1_cdsp.o
    0x0002ca1c   0x0000002c   Dbug   RW  3700     .debug_pubnames     drv_l1_cdsp.o
    0x0002ca48   0x0000002c   Dbug   RW  3703     .debug_pubnames     drv_l1_cdsp.o
    0x0002ca74   0x0000002c   Dbug   RW  3706     .debug_pubnames     drv_l1_cdsp.o
    0x0002caa0   0x0000002c   Dbug   RW  3709     .debug_pubnames     drv_l1_cdsp.o
    0x0002cacc   0x00000028   Dbug   RW  3712     .debug_pubnames     drv_l1_cdsp.o
    0x0002caf4   0x0000002c   Dbug   RW  3715     .debug_pubnames     drv_l1_cdsp.o
    0x0002cb20   0x00000030   Dbug   RW  3718     .debug_pubnames     drv_l1_cdsp.o
    0x0002cb50   0x00000028   Dbug   RW  3721     .debug_pubnames     drv_l1_cdsp.o
    0x0002cb78   0x0000002c   Dbug   RW  3724     .debug_pubnames     drv_l1_cdsp.o
    0x0002cba4   0x0000002c   Dbug   RW  3727     .debug_pubnames     drv_l1_cdsp.o
    0x0002cbd0   0x0000002c   Dbug   RW  3730     .debug_pubnames     drv_l1_cdsp.o
    0x0002cbfc   0x0000002c   Dbug   RW  3733     .debug_pubnames     drv_l1_cdsp.o
    0x0002cc28   0x00000028   Dbug   RW  3736     .debug_pubnames     drv_l1_cdsp.o
    0x0002cc50   0x0000002c   Dbug   RW  3739     .debug_pubnames     drv_l1_cdsp.o
    0x0002cc7c   0x0000002c   Dbug   RW  3742     .debug_pubnames     drv_l1_cdsp.o
    0x0002cca8   0x00000030   Dbug   RW  3745     .debug_pubnames     drv_l1_cdsp.o
    0x0002ccd8   0x00000030   Dbug   RW  3748     .debug_pubnames     drv_l1_cdsp.o
    0x0002cd08   0x0000002c   Dbug   RW  3751     .debug_pubnames     drv_l1_cdsp.o
    0x0002cd34   0x00000030   Dbug   RW  3754     .debug_pubnames     drv_l1_cdsp.o
    0x0002cd64   0x0000002c   Dbug   RW  3757     .debug_pubnames     drv_l1_cdsp.o
    0x0002cd90   0x0000002c   Dbug   RW  3760     .debug_pubnames     drv_l1_cdsp.o
    0x0002cdbc   0x00000030   Dbug   RW  3763     .debug_pubnames     drv_l1_cdsp.o
    0x0002cdec   0x0000002c   Dbug   RW  3766     .debug_pubnames     drv_l1_cdsp.o
    0x0002ce18   0x0000002c   Dbug   RW  3769     .debug_pubnames     drv_l1_cdsp.o
    0x0002ce44   0x0000002c   Dbug   RW  3772     .debug_pubnames     drv_l1_cdsp.o
    0x0002ce70   0x00000030   Dbug   RW  3775     .debug_pubnames     drv_l1_cdsp.o
    0x0002cea0   0x00000034   Dbug   RW  3778     .debug_pubnames     drv_l1_cdsp.o
    0x0002ced4   0x00000030   Dbug   RW  3781     .debug_pubnames     drv_l1_cdsp.o
    0x0002cf04   0x0000002c   Dbug   RW  3784     .debug_pubnames     drv_l1_cdsp.o
    0x0002cf30   0x00000030   Dbug   RW  3787     .debug_pubnames     drv_l1_cdsp.o
    0x0002cf60   0x0000002c   Dbug   RW  3790     .debug_pubnames     drv_l1_cdsp.o
    0x0002cf8c   0x0000002c   Dbug   RW  3793     .debug_pubnames     drv_l1_cdsp.o
    0x0002cfb8   0x0000002c   Dbug   RW  3796     .debug_pubnames     drv_l1_cdsp.o
    0x0002cfe4   0x00000030   Dbug   RW  3799     .debug_pubnames     drv_l1_cdsp.o
    0x0002d014   0x0000002c   Dbug   RW  3802     .debug_pubnames     drv_l1_cdsp.o
    0x0002d040   0x00000028   Dbug   RW  3805     .debug_pubnames     drv_l1_cdsp.o
    0x0002d068   0x00000028   Dbug   RW  3808     .debug_pubnames     drv_l1_cdsp.o
    0x0002d090   0x00000028   Dbug   RW  3811     .debug_pubnames     drv_l1_cdsp.o
    0x0002d0b8   0x00000028   Dbug   RW  3814     .debug_pubnames     drv_l1_cdsp.o
    0x0002d0e0   0x0000002c   Dbug   RW  3817     .debug_pubnames     drv_l1_cdsp.o
    0x0002d10c   0x00000034   Dbug   RW  3820     .debug_pubnames     drv_l1_cdsp.o
    0x0002d140   0x00000028   Dbug   RW  3823     .debug_pubnames     drv_l1_cdsp.o
    0x0002d168   0x0000002c   Dbug   RW  3826     .debug_pubnames     drv_l1_cdsp.o
    0x0002d194   0x0000002c   Dbug   RW  3829     .debug_pubnames     drv_l1_cdsp.o
    0x0002d1c0   0x00000030   Dbug   RW  3832     .debug_pubnames     drv_l1_cdsp.o
    0x0002d1f0   0x00000034   Dbug   RW  3835     .debug_pubnames     drv_l1_cdsp.o
    0x0002d224   0x00000030   Dbug   RW  3838     .debug_pubnames     drv_l1_cdsp.o
    0x0002d254   0x00000030   Dbug   RW  3841     .debug_pubnames     drv_l1_cdsp.o
    0x0002d284   0x00000028   Dbug   RW  3844     .debug_pubnames     drv_l1_cdsp.o
    0x0002d2ac   0x0000002c   Dbug   RW  3847     .debug_pubnames     drv_l1_cdsp.o
    0x0002d2d8   0x0000002c   Dbug   RW  3850     .debug_pubnames     drv_l1_cdsp.o
    0x0002d304   0x00000030   Dbug   RW  3853     .debug_pubnames     drv_l1_cdsp.o
    0x0002d334   0x00000030   Dbug   RW  3856     .debug_pubnames     drv_l1_cdsp.o
    0x0002d364   0x0000002c   Dbug   RW  3859     .debug_pubnames     drv_l1_cdsp.o
    0x0002d390   0x0000002c   Dbug   RW  3862     .debug_pubnames     drv_l1_cdsp.o
    0x0002d3bc   0x0000002c   Dbug   RW  3865     .debug_pubnames     drv_l1_cdsp.o
    0x0002d3e8   0x00000028   Dbug   RW  3868     .debug_pubnames     drv_l1_cdsp.o
    0x0002d410   0x00000030   Dbug   RW  3871     .debug_pubnames     drv_l1_cdsp.o
    0x0002d440   0x0000002c   Dbug   RW  3874     .debug_pubnames     drv_l1_cdsp.o
    0x0002d46c   0x0000002c   Dbug   RW  3877     .debug_pubnames     drv_l1_cdsp.o
    0x0002d498   0x0000002c   Dbug   RW  3880     .debug_pubnames     drv_l1_cdsp.o
    0x0002d4c4   0x00000028   Dbug   RW  3883     .debug_pubnames     drv_l1_cdsp.o
    0x0002d4ec   0x00000028   Dbug   RW  3886     .debug_pubnames     drv_l1_cdsp.o
    0x0002d514   0x00000028   Dbug   RW  3889     .debug_pubnames     drv_l1_cdsp.o
    0x0002d53c   0x00000028   Dbug   RW  3892     .debug_pubnames     drv_l1_cdsp.o
    0x0002d564   0x00000028   Dbug   RW  3895     .debug_pubnames     drv_l1_cdsp.o
    0x0002d58c   0x00000028   Dbug   RW  3898     .debug_pubnames     drv_l1_cdsp.o
    0x0002d5b4   0x00000024   Dbug   RW  3901     .debug_pubnames     drv_l1_cdsp.o
    0x0002d5d8   0x00000028   Dbug   RW  3904     .debug_pubnames     drv_l1_cdsp.o
    0x0002d600   0x00000028   Dbug   RW  3907     .debug_pubnames     drv_l1_cdsp.o
    0x0002d628   0x0000002c   Dbug   RW  3910     .debug_pubnames     drv_l1_cdsp.o
    0x0002d654   0x0000002c   Dbug   RW  3913     .debug_pubnames     drv_l1_cdsp.o
    0x0002d680   0x0000002c   Dbug   RW  3916     .debug_pubnames     drv_l1_cdsp.o
    0x0002d6ac   0x00000028   Dbug   RW  3919     .debug_pubnames     drv_l1_cdsp.o
    0x0002d6d4   0x00000028   Dbug   RW  3922     .debug_pubnames     drv_l1_cdsp.o
    0x0002d6fc   0x00000028   Dbug   RW  3925     .debug_pubnames     drv_l1_cdsp.o
    0x0002d724   0x00000030   Dbug   RW  3928     .debug_pubnames     drv_l1_cdsp.o
    0x0002d754   0x0000002c   Dbug   RW  3931     .debug_pubnames     drv_l1_cdsp.o
    0x0002d780   0x00000028   Dbug   RW  3934     .debug_pubnames     drv_l1_cdsp.o
    0x0002d7a8   0x0000002c   Dbug   RW  3937     .debug_pubnames     drv_l1_cdsp.o
    0x0002d7d4   0x00000028   Dbug   RW  3940     .debug_pubnames     drv_l1_cdsp.o
    0x0002d7fc   0x0000002c   Dbug   RW  3943     .debug_pubnames     drv_l1_cdsp.o
    0x0002d828   0x00000028   Dbug   RW  3946     .debug_pubnames     drv_l1_cdsp.o
    0x0002d850   0x00000028   Dbug   RW  3949     .debug_pubnames     drv_l1_cdsp.o
    0x0002d878   0x00000030   Dbug   RW  3952     .debug_pubnames     drv_l1_cdsp.o
    0x0002d8a8   0x0000002c   Dbug   RW  3955     .debug_pubnames     drv_l1_cdsp.o
    0x0002d8d4   0x00000028   Dbug   RW  3958     .debug_pubnames     drv_l1_cdsp.o
    0x0002d8fc   0x00000028   Dbug   RW  3961     .debug_pubnames     drv_l1_cdsp.o
    0x0002d924   0x0000002c   Dbug   RW  3964     .debug_pubnames     drv_l1_cdsp.o
    0x0002d950   0x0000002c   Dbug   RW  3967     .debug_pubnames     drv_l1_cdsp.o
    0x0002d97c   0x0000002c   Dbug   RW  3970     .debug_pubnames     drv_l1_cdsp.o
    0x0002d9a8   0x0000002c   Dbug   RW  3973     .debug_pubnames     drv_l1_cdsp.o
    0x0002d9d4   0x00000024   Dbug   RW  3976     .debug_pubnames     drv_l1_cdsp.o
    0x0002d9f8   0x00000028   Dbug   RW  3979     .debug_pubnames     drv_l1_cdsp.o
    0x0002da20   0x0000002c   Dbug   RW  3982     .debug_pubnames     drv_l1_cdsp.o
    0x0002da4c   0x0000002c   Dbug   RW  3985     .debug_pubnames     drv_l1_cdsp.o
    0x0002da78   0x00000030   Dbug   RW  3988     .debug_pubnames     drv_l1_cdsp.o
    0x0002daa8   0x0000002c   Dbug   RW  3991     .debug_pubnames     drv_l1_cdsp.o
    0x0002dad4   0x00000028   Dbug   RW  3994     .debug_pubnames     drv_l1_cdsp.o
    0x0002dafc   0x00000024   Dbug   RW  3997     .debug_pubnames     drv_l1_cdsp.o
    0x0002db20   0x00000034   Dbug   RW  4000     .debug_pubnames     drv_l1_cdsp.o
    0x0002db54   0x0000002c   Dbug   RW  4003     .debug_pubnames     drv_l1_cdsp.o
    0x0002db80   0x00000030   Dbug   RW  4006     .debug_pubnames     drv_l1_cdsp.o
    0x0002dbb0   0x0000002c   Dbug   RW  4009     .debug_pubnames     drv_l1_cdsp.o
    0x0002dbdc   0x0000002c   Dbug   RW  4012     .debug_pubnames     drv_l1_cdsp.o
    0x0002dc08   0x0000002c   Dbug   RW  4015     .debug_pubnames     drv_l1_cdsp.o
    0x0002dc34   0x0000002c   Dbug   RW  4018     .debug_pubnames     drv_l1_cdsp.o
    0x0002dc60   0x0000002c   Dbug   RW  4021     .debug_pubnames     drv_l1_cdsp.o
    0x0002dc8c   0x0000002c   Dbug   RW  4024     .debug_pubnames     drv_l1_cdsp.o
    0x0002dcb8   0x0000002c   Dbug   RW  4027     .debug_pubnames     drv_l1_cdsp.o
    0x0002dce4   0x0000002c   Dbug   RW  4030     .debug_pubnames     drv_l1_cdsp.o
    0x0002dd10   0x00000030   Dbug   RW  4033     .debug_pubnames     drv_l1_cdsp.o
    0x0002dd40   0x00000030   Dbug   RW  4036     .debug_pubnames     drv_l1_cdsp.o
    0x0002dd70   0x00000038   Dbug   RW  4039     .debug_pubnames     drv_l1_cdsp.o
    0x0002dda8   0x00000030   Dbug   RW  4042     .debug_pubnames     drv_l1_cdsp.o
    0x0002ddd8   0x0000002c   Dbug   RW  4045     .debug_pubnames     drv_l1_cdsp.o
    0x0002de04   0x0000002c   Dbug   RW  4048     .debug_pubnames     drv_l1_cdsp.o
    0x0002de30   0x00000030   Dbug   RW  4051     .debug_pubnames     drv_l1_cdsp.o
    0x0002de60   0x00000030   Dbug   RW  4054     .debug_pubnames     drv_l1_cdsp.o
    0x0002de90   0x00000030   Dbug   RW  4057     .debug_pubnames     drv_l1_cdsp.o
    0x0002dec0   0x00000030   Dbug   RW  4060     .debug_pubnames     drv_l1_cdsp.o
    0x0002def0   0x0000002c   Dbug   RW  4063     .debug_pubnames     drv_l1_cdsp.o
    0x0002df1c   0x00000030   Dbug   RW  4066     .debug_pubnames     drv_l1_cdsp.o
    0x0002df4c   0x0000002c   Dbug   RW  4069     .debug_pubnames     drv_l1_cdsp.o
    0x0002df78   0x00000020   Dbug   RW  4072     .debug_pubnames     drv_l1_cdsp.o
    0x0002df98   0x00000028   Dbug   RW  4075     .debug_pubnames     drv_l1_cdsp.o
    0x0002dfc0   0x00000028   Dbug   RW  4078     .debug_pubnames     drv_l1_cdsp.o
    0x0002dfe8   0x000000d4   Dbug   RW  4081     .debug_pubnames     drv_l1_cdsp.o
    0x0002e0bc   0x000012f0   Dbug   RW  4085     .debug_pubnames     drv_l1_cdsp.o
    0x0002f3ac   0x00000024   Dbug   RW  4093     .debug_pubnames     drv_l1_front.o
    0x0002f3d0   0x0000002c   Dbug   RW  4096     .debug_pubnames     drv_l1_front.o
    0x0002f3fc   0x0000002c   Dbug   RW  4099     .debug_pubnames     drv_l1_front.o
    0x0002f428   0x0000002c   Dbug   RW  4102     .debug_pubnames     drv_l1_front.o
    0x0002f454   0x00000030   Dbug   RW  4105     .debug_pubnames     drv_l1_front.o
    0x0002f484   0x00000030   Dbug   RW  4108     .debug_pubnames     drv_l1_front.o
    0x0002f4b4   0x00000030   Dbug   RW  4111     .debug_pubnames     drv_l1_front.o
    0x0002f4e4   0x00000028   Dbug   RW  4114     .debug_pubnames     drv_l1_front.o
    0x0002f50c   0x00000028   Dbug   RW  4117     .debug_pubnames     drv_l1_front.o
    0x0002f534   0x0000002c   Dbug   RW  4120     .debug_pubnames     drv_l1_front.o
    0x0002f560   0x00000028   Dbug   RW  4123     .debug_pubnames     drv_l1_front.o
    0x0002f588   0x0000002c   Dbug   RW  4126     .debug_pubnames     drv_l1_front.o
    0x0002f5b4   0x00000028   Dbug   RW  4129     .debug_pubnames     drv_l1_front.o
    0x0002f5dc   0x0000002c   Dbug   RW  4132     .debug_pubnames     drv_l1_front.o
    0x0002f608   0x00000028   Dbug   RW  4135     .debug_pubnames     drv_l1_front.o
    0x0002f630   0x00000028   Dbug   RW  4138     .debug_pubnames     drv_l1_front.o
    0x0002f658   0x0000002c   Dbug   RW  4141     .debug_pubnames     drv_l1_front.o
    0x0002f684   0x00000028   Dbug   RW  4144     .debug_pubnames     drv_l1_front.o
    0x0002f6ac   0x0000002c   Dbug   RW  4147     .debug_pubnames     drv_l1_front.o
    0x0002f6d8   0x0000002c   Dbug   RW  4150     .debug_pubnames     drv_l1_front.o
    0x0002f704   0x00000030   Dbug   RW  4153     .debug_pubnames     drv_l1_front.o
    0x0002f734   0x00000030   Dbug   RW  4156     .debug_pubnames     drv_l1_front.o
    0x0002f764   0x0000002c   Dbug   RW  4159     .debug_pubnames     drv_l1_front.o
    0x0002f790   0x00000030   Dbug   RW  4162     .debug_pubnames     drv_l1_front.o
    0x0002f7c0   0x00000030   Dbug   RW  4165     .debug_pubnames     drv_l1_front.o
    0x0002f7f0   0x00000294   Dbug   RW  4171     .debug_pubnames     drv_l1_front.o
    0x0002fa84   0x000001ac   Dbug   RW  4176     .debug_pubnames     drv_l1_front.o
    0x0002fc30   0x00000028   Dbug   RW  4182     .debug_pubnames     drv_l2_cdsp.o
    0x0002fc58   0x0000002c   Dbug   RW  4185     .debug_pubnames     drv_l2_cdsp.o
    0x0002fc84   0x0000002c   Dbug   RW  4188     .debug_pubnames     drv_l2_cdsp.o
    0x0002fcb0   0x00000028   Dbug   RW  4191     .debug_pubnames     drv_l2_cdsp.o
    0x0002fcd8   0x00000028   Dbug   RW  4194     .debug_pubnames     drv_l2_cdsp.o
    0x0002fd00   0x00000028   Dbug   RW  4197     .debug_pubnames     drv_l2_cdsp.o
    0x0002fd28   0x0000002c   Dbug   RW  4200     .debug_pubnames     drv_l2_cdsp.o
    0x0002fd54   0x0000002c   Dbug   RW  4203     .debug_pubnames     drv_l2_cdsp.o
    0x0002fd80   0x0000002c   Dbug   RW  4206     .debug_pubnames     drv_l2_cdsp.o
    0x0002fdac   0x00000028   Dbug   RW  4209     .debug_pubnames     drv_l2_cdsp.o
    0x0002fdd4   0x0000002c   Dbug   RW  4212     .debug_pubnames     drv_l2_cdsp.o
    0x0002fe00   0x00000038   Dbug   RW  4215     .debug_pubnames     drv_l2_cdsp.o
    0x0002fe38   0x00000024   Dbug   RW  4218     .debug_pubnames     drv_l2_cdsp.o
    0x0002fe5c   0x0000002c   Dbug   RW  4221     .debug_pubnames     drv_l2_cdsp.o
    0x0002fe88   0x0000002c   Dbug   RW  4224     .debug_pubnames     drv_l2_cdsp.o
    0x0002feb4   0x0000002c   Dbug   RW  4227     .debug_pubnames     drv_l2_cdsp.o
    0x0002fee0   0x00000024   Dbug   RW  4230     .debug_pubnames     drv_l2_cdsp.o
    0x0002ff04   0x00000028   Dbug   RW  4233     .debug_pubnames     drv_l2_cdsp.o
    0x0002ff2c   0x0000002c   Dbug   RW  4236     .debug_pubnames     drv_l2_cdsp.o
    0x0002ff58   0x00000028   Dbug   RW  4239     .debug_pubnames     drv_l2_cdsp.o
    0x0002ff80   0x00000030   Dbug   RW  4242     .debug_pubnames     drv_l2_cdsp.o
    0x0002ffb0   0x00000024   Dbug   RW  4245     .debug_pubnames     drv_l2_cdsp.o
    0x0002ffd4   0x00000030   Dbug   RW  4248     .debug_pubnames     drv_l2_cdsp.o
    0x00030004   0x00000234   Dbug   RW  4251     .debug_pubnames     drv_l2_cdsp.o
    0x00030238   0x00000478   Dbug   RW  4255     .debug_pubnames     drv_l2_cdsp.o
    0x000306b0   0x00000070   Dbug   RW  4274     .debug_pubnames     sensor_isp_table.o
    0x00030720   0x00000020   Dbug   RW  4287     .debug_pubnames     drv_l1_gsensor.o
    0x00030740   0x00000020   Dbug   RW  4290     .debug_pubnames     drv_l1_gsensor.o
    0x00030760   0x00000020   Dbug   RW  4293     .debug_pubnames     drv_l1_gsensor.o
    0x00030780   0x00000024   Dbug   RW  4296     .debug_pubnames     drv_l1_gsensor.o
    0x000307a4   0x00000028   Dbug   RW  4299     .debug_pubnames     drv_l1_gsensor.o
    0x000307cc   0x00000024   Dbug   RW  4302     .debug_pubnames     drv_l1_gsensor.o
    0x000307f0   0x00000028   Dbug   RW  4305     .debug_pubnames     drv_l1_gsensor.o
    0x00030818   0x00000024   Dbug   RW  4308     .debug_pubnames     drv_l1_gsensor.o
    0x0003083c   0x00000024   Dbug   RW  4311     .debug_pubnames     drv_l1_gsensor.o
    0x00030860   0x00000038   Dbug   RW  4314     .debug_pubnames     drv_l1_gsensor.o
    0x00030898   0x00000038   Dbug   RW  4317     .debug_pubnames     drv_l1_gsensor.o
    0x000308d0   0x00000030   Dbug   RW  4320     .debug_pubnames     drv_l1_gsensor.o
    0x00030900   0x00000030   Dbug   RW  4323     .debug_pubnames     drv_l1_gsensor.o
    0x00030930   0x00000030   Dbug   RW  4326     .debug_pubnames     drv_l1_gsensor.o
    0x00030960   0x0000003c   Dbug   RW  4329     .debug_pubnames     drv_l1_gsensor.o
    0x0003099c   0x00000024   Dbug   RW  4332     .debug_pubnames     drv_l1_gsensor.o
    0x000309c0   0x00000030   Dbug   RW  4335     .debug_pubnames     drv_l1_gsensor.o
    0x000309f0   0x0000002c   Dbug   RW  4338     .debug_pubnames     drv_l1_gsensor.o
    0x00030a1c   0x0000002c   Dbug   RW  4341     .debug_pubnames     drv_l1_gsensor.o
    0x00030a48   0x00000038   Dbug   RW  4344     .debug_pubnames     drv_l1_gsensor.o
    0x00030a80   0x00000274   Dbug   RW  4348     .debug_pubnames     drv_l1_gsensor.o
    0x00030cf4   0x00000020   Dbug   RW  4365     .debug_pubnames     spi_flash_disk.o
    0x00030d14   0x00000034   Dbug   RW  4368     .debug_pubnames     spi_flash_disk.o
    0x00030d48   0x0000007c   Dbug   RW  4375     .debug_pubnames     spi_flash_disk.o
    0x00030dc4   0x0000001c   Dbug   RW  4379     .debug_pubnames     spi_flash_disk.o
    0x00030de0   0x0000001c   Dbug   RW  4383     .debug_pubnames     spi_flash_disk.o
    0x00030dfc   0x0000002c   Dbug   RW  4387     .debug_pubnames     spi_flash_disk.o
    0x00030e28   0x00000068   Dbug   RW  4395     .debug_pubnames     spi_flash_disk.o
    0x00030e90   0x0000009c   Dbug   RW  4399     .debug_pubnames     spi_flash_disk.o
    0x00030f2c   0x00000020   Dbug   RW  4403     .debug_pubnames     spi_flash_disk.o
    0x00030f4c   0x00000030   Dbug   RW  4434     .debug_pubnames     drv_struct.o
    0x00030f7c   0x00000030   Dbug   RW  4440     .debug_pubnames     fs_drv_manager.o
    0x00030fac   0x00000034   Dbug   RW  4443     .debug_pubnames     fs_drv_manager.o
    0x00030fe0   0x00000034   Dbug   RW  4446     .debug_pubnames     fs_drv_manager.o
    0x00031014   0x00000030   Dbug   RW  4449     .debug_pubnames     fs_drv_manager.o
    0x00031044   0x00000030   Dbug   RW  4452     .debug_pubnames     fs_drv_manager.o
    0x00031074   0x00000034   Dbug   RW  4455     .debug_pubnames     fs_drv_manager.o
    0x000310a8   0x00000048   Dbug   RW  4458     .debug_pubnames     fs_drv_manager.o
    0x000310f0   0x000000cc   Dbug   RW  4462     .debug_pubnames     fs_drv_manager.o
    0x000311bc   0x00000034   Dbug   RW  4470     .debug_pubnames     sd.o
    0x000311f0   0x0000002c   Dbug   RW  4473     .debug_pubnames     sd.o
    0x0003121c   0x0000002c   Dbug   RW  4476     .debug_pubnames     sd.o
    0x00031248   0x00000024   Dbug   RW  4479     .debug_pubnames     sd.o
    0x0003126c   0x00000024   Dbug   RW  4482     .debug_pubnames     sd.o
    0x00031290   0x00000024   Dbug   RW  4485     .debug_pubnames     sd.o
    0x000312b4   0x00000024   Dbug   RW  4488     .debug_pubnames     sd.o
    0x000312d8   0x00000028   Dbug   RW  4491     .debug_pubnames     sd.o
    0x00031300   0x00000020   Dbug   RW  4494     .debug_pubnames     sd.o
    0x00031320   0x00000024   Dbug   RW  4497     .debug_pubnames     sd.o
    0x00031344   0x00000028   Dbug   RW  4500     .debug_pubnames     sd.o
    0x0003136c   0x00000024   Dbug   RW  4503     .debug_pubnames     sd.o
    0x00031390   0x000000d8   Dbug   RW  4506     .debug_pubnames     sd.o
    0x00031468   0x00000150   Dbug   RW  4510     .debug_pubnames     sd.o
    0x000315b8   0x00000024   Dbug   RW  4536     .debug_pubnames     fs_os.o
    0x000315dc   0x00000024   Dbug   RW  4539     .debug_pubnames     fs_os.o
    0x00031600   0x00000024   Dbug   RW  4542     .debug_pubnames     fs_os.o
    0x00031624   0x00000024   Dbug   RW  4545     .debug_pubnames     fs_os.o
    0x00031648   0x0000002c   Dbug   RW  4548     .debug_pubnames     fs_os.o
    0x00031674   0x0000002c   Dbug   RW  4551     .debug_pubnames     fs_os.o
    0x000316a0   0x00000024   Dbug   RW  4554     .debug_pubnames     fs_os.o
    0x000316c4   0x00000024   Dbug   RW  4557     .debug_pubnames     fs_os.o
    0x000316e8   0x000000a8   Dbug   RW  4563     .debug_pubnames     fs_os.o
    0x00031790   0x00000344   Dbug   RW  4567     .debug_pubnames     fs_os.o
    0x00031ad4   0x00000110   Dbug   RW  4588     .debug_pubnames     fsglobalvar.o
    0x00031be4   0x00000344   Dbug   RW  4591     .debug_pubnames     fsglobalvar.o
    0x00031f28   0x00000020   Dbug   RW  4595     .debug_pubnames     swap_byte.o
    0x00031f48   0x00000020   Dbug   RW  4598     .debug_pubnames     swap_byte.o
    0x00031f68   0x00000020   Dbug   RW  4601     .debug_pubnames     swap_byte.o
    0x00031f88   0x00000020   Dbug   RW  4604     .debug_pubnames     swap_byte.o
    0x00031fa8   0x00000028   Dbug   RW  4607     .debug_pubnames     swap_byte.o
    0x00031fd0   0x00000058   Dbug   RW  4613     .debug_pubnames     swap_byte.o
    0x00032028   0x0000002c   Dbug   RW  4626     .debug_pubnames     sensor_gc1004.o
    0x00032054   0x00000034   Dbug   RW  4629     .debug_pubnames     sensor_gc1004.o
    0x00032088   0x00000030   Dbug   RW  4632     .debug_pubnames     sensor_gc1004.o
    0x000320b8   0x00000030   Dbug   RW  4635     .debug_pubnames     sensor_gc1004.o
    0x000320e8   0x00000030   Dbug   RW  4638     .debug_pubnames     sensor_gc1004.o
    0x00032118   0x0000002c   Dbug   RW  4641     .debug_pubnames     sensor_gc1004.o
    0x00032144   0x00000034   Dbug   RW  4644     .debug_pubnames     sensor_gc1004.o
    0x00032178   0x00000030   Dbug   RW  4647     .debug_pubnames     sensor_gc1004.o
    0x000321a8   0x00000028   Dbug   RW  4650     .debug_pubnames     sensor_gc1004.o
    0x000321d0   0x00000030   Dbug   RW  4653     .debug_pubnames     sensor_gc1004.o
    0x00032200   0x00000030   Dbug   RW  4656     .debug_pubnames     sensor_gc1004.o
    0x00032230   0x00000024   Dbug   RW  4659     .debug_pubnames     sensor_gc1004.o
    0x00032254   0x000000c0   Dbug   RW  4662     .debug_pubnames     sensor_gc1004.o
    0x00032314   0x000001d8   Dbug   RW  4666     .debug_pubnames     sensor_gc1004.o
    0x000324ec   0x00000224   Dbug   RW  4671     .debug_pubnames     sensor_gc1004.o
    0x00032710   0x00000024   Dbug   RW  4677     .debug_pubnames     drv_l1_ext_mode.o
    0x00032734   0x00000030   Dbug   RW  4680     .debug_pubnames     drv_l1_ext_mode.o
    0x00032764   0x00000028   Dbug   RW  4683     .debug_pubnames     drv_l1_ext_mode.o
    0x0003278c   0x00000028   Dbug   RW  4686     .debug_pubnames     drv_l1_ext_mode.o
    0x000327b4   0x00000028   Dbug   RW  4689     .debug_pubnames     drv_l1_ext_mode.o
    0x000327dc   0x0000007c   Dbug   RW  4693     .debug_pubnames     drv_l1_ext_mode.o
    0x00032858   0x00001314   Dbug   RW  4697     .debug_pubnames     drv_l1_ext_mode.o
    0x00033b6c   0x00000030   Dbug   RW  4703     .debug_pubnames     drv_l2_sd.o
    0x00033b9c   0x00000030   Dbug   RW  4706     .debug_pubnames     drv_l2_sd.o
    0x00033bcc   0x00000030   Dbug   RW  4709     .debug_pubnames     drv_l2_sd.o
    0x00033bfc   0x00000030   Dbug   RW  4712     .debug_pubnames     drv_l2_sd.o
    0x00033c2c   0x00000030   Dbug   RW  4715     .debug_pubnames     drv_l2_sd.o
    0x00033c5c   0x00000034   Dbug   RW  4718     .debug_pubnames     drv_l2_sd.o
    0x00033c90   0x00000034   Dbug   RW  4721     .debug_pubnames     drv_l2_sd.o
    0x00033cc4   0x00000034   Dbug   RW  4724     .debug_pubnames     drv_l2_sd.o
    0x00033cf8   0x00000038   Dbug   RW  4727     .debug_pubnames     drv_l2_sd.o
    0x00033d30   0x0000002c   Dbug   RW  4730     .debug_pubnames     drv_l2_sd.o
    0x00033d5c   0x0000002c   Dbug   RW  4733     .debug_pubnames     drv_l2_sd.o
    0x00033d88   0x0000002c   Dbug   RW  4736     .debug_pubnames     drv_l2_sd.o
    0x00033db4   0x0000002c   Dbug   RW  4739     .debug_pubnames     drv_l2_sd.o
    0x00033de0   0x0000002c   Dbug   RW  4742     .debug_pubnames     drv_l2_sd.o
    0x00033e0c   0x0000002c   Dbug   RW  4745     .debug_pubnames     drv_l2_sd.o
    0x00033e38   0x0000002c   Dbug   RW  4748     .debug_pubnames     drv_l2_sd.o
    0x00033e64   0x00000030   Dbug   RW  4751     .debug_pubnames     drv_l2_sd.o
    0x00033e94   0x00000128   Dbug   RW  4754     .debug_pubnames     drv_l2_sd.o
    0x00033fbc   0x0000027c   Dbug   RW  4758     .debug_pubnames     drv_l2_sd.o
    0x00034238   0x00000028   Dbug   RW  4783     .debug_pubnames     video_codec_dynamic_jpeg_Q.o
    0x00034260   0x00000038   Dbug   RW  4790     .debug_pubnames     ap_jh_message.o
    0x00034298   0x00000034   Dbug   RW  4793     .debug_pubnames     ap_jh_message.o
    0x000342cc   0x00000030   Dbug   RW  4796     .debug_pubnames     ap_jh_message.o
    0x000342fc   0x00000040   Dbug   RW  4799     .debug_pubnames     ap_jh_message.o
    0x0003433c   0x00000044   Dbug   RW  4803     .debug_pubnames     ap_jh_message.o


================================================================================

Image component sizes


      Code    RO Data    RW Data    ZI Data      Debug   

    131188       8581       3704      37441    1240132   Object Totals
    151096       6111        809      27397      39284   Library Totals

================================================================================


      Code    RO Data    RW Data    ZI Data      Debug   

    282284      14692       4513      64838    1279416   Grand Totals

================================================================================

    Total RO  Size(Code + RO Data)               296976 ( 290.02kB)
    Total RW  Size(RW Data + ZI Data)             69351 (  67.73kB)
    Total ROM Size(Code + RO Data + RW Data)     301489 ( 294.42kB)

================================================================================

